Archive member included to satisfy reference by file (symbol)

C:\Daniel\Faculdade\Ano_3\Semestre_5\SE\sw\MFRC522\Release\libMFRC522.a(mfrc522.o)
                              ./src/project.o (MFRC522_Init)
C:\Daniel\Faculdade\Ano_3\Semestre_5\SE\sw\DRIVERS\Debug\libDRIVERS.a(delay.o)
                              ./src/project.o (DELAY_Init)
C:\Daniel\Faculdade\Ano_3\Semestre_5\SE\sw\DRIVERS\Debug\libDRIVERS.a(encoder.o)
                              ./src/project.o (ENCODER_Init)
C:\Daniel\Faculdade\Ano_3\Semestre_5\SE\sw\DRIVERS\Debug\libDRIVERS.a(lcd.o)
                              ./src/project.o (LCDText_Init)
C:\Daniel\Faculdade\Ano_3\Semestre_5\SE\sw\DRIVERS\Debug\libDRIVERS.a(led.o)
                              ./src/project.o (LED_Init)
C:\Daniel\Faculdade\Ano_3\Semestre_5\SE\sw\DRIVERS\Debug\libDRIVERS.a(mfrc522_func.o)
                              C:\Daniel\Faculdade\Ano_3\Semestre_5\SE\sw\MFRC522\Release\libMFRC522.a(mfrc522.o) (MFRC522_PreInit)
C:\Daniel\Faculdade\Ano_3\Semestre_5\SE\sw\DRIVERS\Debug\libDRIVERS.a(rtc.o)
                              ./src/project.o (RTC_Init)
C:\Daniel\Faculdade\Ano_3\Semestre_5\SE\sw\HAL\Debug\libHAL.a(pin.o)
                              C:\Daniel\Faculdade\Ano_3\Semestre_5\SE\sw\DRIVERS\Debug\libDRIVERS.a(lcd.o) (PIN_dir)
C:\Daniel\Faculdade\Ano_3\Semestre_5\SE\sw\HAL\Debug\libHAL.a(rit.o)
                              C:\Daniel\Faculdade\Ano_3\Semestre_5\SE\sw\DRIVERS\Debug\libDRIVERS.a(encoder.o) (RIT_SetHandler)
C:\Daniel\Faculdade\Ano_3\Semestre_5\SE\sw\HAL\Debug\libHAL.a(rtc_hal.o)
                              C:\Daniel\Faculdade\Ano_3\Semestre_5\SE\sw\DRIVERS\Debug\libDRIVERS.a(rtc.o) (RTC_HAL_init)
C:\Daniel\Faculdade\Ano_3\Semestre_5\SE\sw\HAL\Debug\libHAL.a(spi.o)
                              C:\Daniel\Faculdade\Ano_3\Semestre_5\SE\sw\DRIVERS\Debug\libDRIVERS.a(mfrc522_func.o) (SPI_Init)
C:\Daniel\Faculdade\Ano_3\Semestre_5\SE\sw\HAL\Debug\libHAL.a(systick.o)
                              C:\Daniel\Faculdade\Ano_3\Semestre_5\SE\sw\DRIVERS\Debug\libDRIVERS.a(delay.o) (SYSTICK_Init)
C:\Daniel\Faculdade\Ano_3\Semestre_5\SE\sw\HAL\Debug\libHAL.a(timer.o)
                              C:\Daniel\Faculdade\Ano_3\Semestre_5\SE\sw\DRIVERS\Debug\libDRIVERS.a(delay.o) (TIMER_Init)
C:\Daniel\Faculdade\Ano_3\Semestre_5\SE\sw\CMSIS_CORE_LPC17xx\Debug\libCMSIS_CORE_LPC17xx.a(system_LPC17xx.o)
                              C:\Daniel\Faculdade\Ano_3\Semestre_5\SE\sw\HAL\Debug\libHAL.a(systick.o) (SystemCoreClockUpdate)
c:/nxp/mcuxpressoide_11.8.0_1165/ide/plugins/com.nxp.mcuxpresso.tools.win32_11.8.0.202306131047/tools/bin/../lib/gcc/arm-none-eabi/12.2.1/../../../../arm-none-eabi/lib/thumb/v7-m/nofp\libcr_semihost.a(_cr__main.o)
                              ./src/cr_startup_lpc175x_6x.o (__main)
c:/nxp/mcuxpressoide_11.8.0_1165/ide/plugins/com.nxp.mcuxpresso.tools.win32_11.8.0.202306131047/tools/bin/../lib/gcc/arm-none-eabi/12.2.1/../../../../arm-none-eabi/lib/thumb/v7-m/nofp\libcr_c.a(memcpy.o)
                              C:\Daniel\Faculdade\Ano_3\Semestre_5\SE\sw\MFRC522\Release\libMFRC522.a(mfrc522.o) (memcpy)
c:/nxp/mcuxpressoide_11.8.0_1165/ide/plugins/com.nxp.mcuxpresso.tools.win32_11.8.0.202306131047/tools/bin/../lib/gcc/arm-none-eabi/12.2.1/../../../../arm-none-eabi/lib/thumb/v7-m/nofp\libcr_c.a(fpprintf.o)
                              C:\Daniel\Faculdade\Ano_3\Semestre_5\SE\sw\DRIVERS\Debug\libDRIVERS.a(lcd.o) (vsprintf)
c:/nxp/mcuxpressoide_11.8.0_1165/ide/plugins/com.nxp.mcuxpresso.tools.win32_11.8.0.202306131047/tools/bin/../lib/gcc/arm-none-eabi/12.2.1/../../../../arm-none-eabi/lib/thumb/v7-m/nofp\libcr_c.a(initio.o)
                              c:/nxp/mcuxpressoide_11.8.0_1165/ide/plugins/com.nxp.mcuxpresso.tools.win32_11.8.0.202306131047/tools/bin/../lib/gcc/arm-none-eabi/12.2.1/../../../../arm-none-eabi/lib/thumb/v7-m/nofp\libcr_semihost.a(_cr__main.o) (_initio)
c:/nxp/mcuxpressoide_11.8.0_1165/ide/plugins/com.nxp.mcuxpresso.tools.win32_11.8.0.202306131047/tools/bin/../lib/gcc/arm-none-eabi/12.2.1/../../../../arm-none-eabi/lib/thumb/v7-m/nofp\libcr_c.a(printf.o)
                              c:/nxp/mcuxpressoide_11.8.0_1165/ide/plugins/com.nxp.mcuxpresso.tools.win32_11.8.0.202306131047/tools/bin/../lib/gcc/arm-none-eabi/12.2.1/../../../../arm-none-eabi/lib/thumb/v7-m/nofp\libcr_c.a(fpprintf.o) (__vfprintf)
c:/nxp/mcuxpressoide_11.8.0_1165/ide/plugins/com.nxp.mcuxpresso.tools.win32_11.8.0.202306131047/tools/bin/../lib/gcc/arm-none-eabi/12.2.1/../../../../arm-none-eabi/lib/thumb/v7-m/nofp\libcr_c.a(setvbuf.o)
                              c:/nxp/mcuxpressoide_11.8.0_1165/ide/plugins/com.nxp.mcuxpresso.tools.win32_11.8.0.202306131047/tools/bin/../lib/gcc/arm-none-eabi/12.2.1/../../../../arm-none-eabi/lib/thumb/v7-m/nofp\libcr_c.a(initio.o) (setvbuf)
[...]
Memory Configuration

Name             Origin             Length             Attributes
MFlash512        0x00000000         0x00080000         xr
RamLoc32         0x10000000         0x00008000         xrw
RamAHB32         0x2007c000         0x00008000         xrw
*default*        0x00000000         0xffffffff

Linker script and memory map

LOAD ./src/cr_startup_lpc175x_6x.o
LOAD ./src/crp.o
LOAD ./src/lists.o
LOAD ./src/main.o
LOAD ./src/project.o
LOAD C:\Daniel\Faculdade\Ano_3\Semestre_5\SE\sw\MFRC522\Release\libMFRC522.a
LOAD C:\Daniel\Faculdade\Ano_3\Semestre_5\SE\sw\DRIVERS\Debug\libDRIVERS.a
LOAD C:\Daniel\Faculdade\Ano_3\Semestre_5\SE\sw\HAL\Debug\libHAL.a
LOAD C:\Daniel\Faculdade\Ano_3\Semestre_5\SE\sw\CMSIS_CORE_LPC17xx\Debug\libCMSIS_CORE_LPC17xx.a
START GROUP
LOAD c:/nxp/mcuxpressoide_11.8.0_1165/ide/plugins/com.nxp.mcuxpresso.tools.win32_11.8.0.202306131047/tools/bin/../lib/gcc/arm-none-eabi/12.2.1/../../../../arm-none-eabi/lib/thumb/v7-m/nofp\libcr_semihost.a
LOAD c:/nxp/mcuxpressoide_11.8.0_1165/ide/plugins/com.nxp.mcuxpresso.tools.win32_11.8.0.202306131047/tools/bin/../lib/gcc/arm-none-eabi/12.2.1/../../../../arm-none-eabi/lib/thumb/v7-m/nofp\libcr_c.a
LOAD c:/nxp/mcuxpressoide_11.8.0_1165/ide/plugins/com.nxp.mcuxpresso.tools.win32_11.8.0.202306131047/tools/bin/../lib/gcc/arm-none-eabi/12.2.1/thumb/v7-m/nofp\libcr_eabihelpers.a
LOAD c:/nxp/mcuxpressoide_11.8.0_1165/ide/plugins/com.nxp.mcuxpresso.tools.win32_11.8.0.202306131047/tools/bin/../lib/gcc/arm-none-eabi/12.2.1/thumb/v7-m/nofp\libgcc.a
END GROUP
                0x00000000                __base_MFlash512 = 0x0
                0x00000000                __base_Flash = 0x0
                0x00080000                __top_MFlash512 = 0x80000
                0x00080000                __top_Flash = 0x80000
                0x10000000                __base_RamLoc32 = 0x10000000
                0x10000000                __base_RAM = 0x10000000
                0x10008000                __top_RamLoc32 = 0x10008000
                0x10008000                __top_RAM = 0x10008000
                0x2007c000                __base_RamAHB32 = 0x2007c000
                0x2007c000                __base_RAM2 = 0x2007c000
                0x20084000                __top_RamAHB32 = 0x20084000
                0x20084000                __top_RAM2 = 0x20084000

.text           0x00000000     0x5a90
 FILL mask 0xff
                0x00000000                __vectors_start__ = ABSOLUTE (.)
 *(.isr_vector)
 .isr_vector    0x00000000       0xcc ./src/cr_startup_lpc175x_6x.o
                0x00000000                g_pfnVectors
                0x000000cc                . = ALIGN (0x4)
                0x000000cc                __section_table_start = .
                0x000000cc                __data_section_table = .
                0x000000cc        0x4 LONG 0x5a90 LOADADDR (.data)
                0x000000d0        0x4 LONG 0x10000000 ADDR (.data)
                0x000000d4        0x4 LONG 0x50 SIZEOF (.data)
                0x000000d8        0x4 LONG 0x5a90 LOADADDR (.data_RAM2)
                0x000000dc        0x4 LONG 0x2007c000 ADDR (.data_RAM2)
                0x000000e0        0x4 LONG 0x0 SIZEOF (.data_RAM2)
                0x000000e4                __data_section_table_end = .
                0x000000e4                __bss_section_table = .
                0x000000e4        0x4 LONG 0x10000050 ADDR (.bss)
                0x000000e8        0x4 LONG 0x29c SIZEOF (.bss)
                0x000000ec        0x4 LONG 0x2007c000 ADDR (.bss_RAM2)
                0x000000f0        0x4 LONG 0x0 SIZEOF (.bss_RAM2)
                0x000000f4                __bss_section_table_end = .
                0x000000f4                __section_table_end = .
 *(.after_vectors*)
 .after_vectors
                0x000000f4      0x148 ./src/cr_startup_lpc175x_6x.o
                0x000000f4                data_init
                0x00000138                bss_init
                0x00000170                ResetISR
                0x000001ec                NMI_Handler
                0x000001f4                HardFault_Handler
                0x000001fc                MemManage_Handler
                0x00000204                BusFault_Handler
                0x0000020c                UsageFault_Handler
                0x00000214                SVC_Handler
                0x0000021c                DebugMon_Handler
                0x00000224                PendSV_Handler
                0x00000234                EINT3_IRQHandler
                0x00000234                CANActivity_IRQHandler
                0x00000234                TIMER3_IRQHandler
                0x00000234                UART0_IRQHandler
                0x00000234                PWM1_IRQHandler
                0x00000234                UART1_IRQHandler
                0x00000234                IntDefaultHandler
                0x00000234                PLL0_IRQHandler
                0x00000234                CAN_IRQHandler
                0x00000234                USBActivity_IRQHandler
                0x00000234                SSP0_IRQHandler
                0x00000234                EINT2_IRQHandler
                0x00000234                I2C2_IRQHandler
                0x00000234                RTC_IRQHandler
                0x00000234                TIMER0_IRQHandler
                0x00000234                SPI_IRQHandler
                0x00000234                I2C0_IRQHandler
                0x00000234                EINT1_IRQHandler
                0x00000234                TIMER1_IRQHandler
                0x00000234                UART2_IRQHandler
                0x00000234                ADC_IRQHandler
                0x00000234                SSP1_IRQHandler
                0x00000234                USB_IRQHandler
                0x00000234                BOD_IRQHandler
                0x00000234                I2C1_IRQHandler
                0x00000234                WDT_IRQHandler
                0x00000234                I2S_IRQHandler
                0x00000234                QEI_IRQHandler
                0x00000234                EINT0_IRQHandler
                0x00000234                PLL1_IRQHandler
                0x00000234                DMA_IRQHandler
                0x00000234                TIMER2_IRQHandler
                0x00000234                UART3_IRQHandler
                0x00000234                MCPWM_IRQHandler
                0x00000234                ENET_IRQHandler
 *(.text*)
 .text.LISTS_AddCard
                0x0000023c      0x15c ./src/lists.o
                0x0000023c                LISTS_AddCard
 .text.LISTS_RemoveCard
                0x00000398      0x146 ./src/lists.o
                0x00000398                LISTS_RemoveCard
 .text.LISTS_AddLog
                0x000004de      0x17a ./src/lists.o
                0x000004de                LISTS_AddLog
 .text.LISTS_ConfirmCard
                0x00000658       0x48 ./src/lists.o
                0x00000658                LISTS_ConfirmCard
 .text.LISTS_cardIsEqual
                0x000006a0       0x40 ./src/lists.o
                0x000006a0                LISTS_cardIsEqual
 .text.LISTS_CreateMaintenance
                0x000006e0       0x94 ./src/lists.o
                0x000006e0                LISTS_CreateMaintenance
 .text.LISTS_CardExists
                0x00000774       0x4c ./src/lists.o
                0x00000774                LISTS_CardExists
 .text.main     0x000007c0       0x12 ./src/main.o
                0x000007c0                main
 *fill*         0x000007d2        0x2 ff
 .text.PROJECT_Init
                0x000007d4       0x48 ./src/project.o
                0x000007d4                PROJECT_Init
 .text.PROJECT_Start
                0x0000081c       0x78 ./src/project.o
                0x0000081c                PROJECT_Start
 .text.PROJECT_Deposit
                0x00000894      0x24c ./src/project.o
                0x00000894                PROJECT_Deposit
 .text.PROJECT_Collect
                0x00000ae0      0x1c4 ./src/project.o
                0x00000ae0                PROJECT_Collect
 .text.PROJECT_Maintenance
                0x00000ca4      0x118 ./src/project.o
                0x00000ca4                PROJECT_Maintenance
 .text.PROJECT_CalendarAndClock
                0x00000dbc      0x4c4 ./src/project.o
                0x00000dbc                PROJECT_CalendarAndClock
 .text.PROJECT_AddCard
                0x00001280       0xd4 ./src/project.o
                0x00001280                PROJECT_AddCard
 .text.PROJECT_RemoveCard
                0x00001354      0x148 ./src/project.o
                0x00001354                PROJECT_RemoveCard
 .text.PROJECT_SeeLogs
                0x0000149c      0x1f0 ./src/project.o
                0x0000149c                PROJECT_SeeLogs
 .text.PROJECT_UpdateFlash
                0x0000168c       0x14 ./src/project.o
                0x0000168c                PROJECT_UpdateFlash
 .text.MFRC522_Init
                0x000016a0       0x10 C:\Daniel\Faculdade\Ano_3\Semestre_5\SE\sw\MFRC522\Release\libMFRC522.a(mfrc522.o)
                0x000016a0                MFRC522_Init
 .text.PCD_Init
                0x000016b0       0x54 C:\Daniel\Faculdade\Ano_3\Semestre_5\SE\sw\MFRC522\Release\libMFRC522.a(mfrc522.o)
                0x000016b0                PCD_Init
 .text.PCD_AntennaOn
                0x00001704       0x32 C:\Daniel\Faculdade\Ano_3\Semestre_5\SE\sw\MFRC522\Release\libMFRC522.a(mfrc522.o)
                0x00001704                PCD_AntennaOn
 .text.PCD_WriteRegister
                0x00001736       0x3a C:\Daniel\Faculdade\Ano_3\Semestre_5\SE\sw\MFRC522\Release\libMFRC522.a(mfrc522.o)
                0x00001736                PCD_WriteRegister
 .text.PCD_WriteRegisterMultiple
                0x00001770       0x54 C:\Daniel\Faculdade\Ano_3\Semestre_5\SE\sw\MFRC522\Release\libMFRC522.a(mfrc522.o)
                0x00001770                PCD_WriteRegisterMultiple
 .text.PCD_ReadRegister
                0x000017c4       0x38 C:\Daniel\Faculdade\Ano_3\Semestre_5\SE\sw\MFRC522\Release\libMFRC522.a(mfrc522.o)
                0x000017c4                PCD_ReadRegister
 .text.PCD_ReadRegisterMultiple
                0x000017fc       0xec C:\Daniel\Faculdade\Ano_3\Semestre_5\SE\sw\MFRC522\Release\libMFRC522.a(mfrc522.o)
                0x000017fc                PCD_ReadRegisterMultiple
 .text.PCD_SetRegisterBits
                0x000018e8       0x36 C:\Daniel\Faculdade\Ano_3\Semestre_5\SE\sw\MFRC522\Release\libMFRC522.a(mfrc522.o)
                0x000018e8                PCD_SetRegisterBits
 .text.PCD_ClrRegisterBits
                0x0000191e       0x40 C:\Daniel\Faculdade\Ano_3\Semestre_5\SE\sw\MFRC522\Release\libMFRC522.a(mfrc522.o)
                0x0000191e                PCD_ClrRegisterBits
 .text.PCD_CalculateCRC
                0x0000195e       0x94 C:\Daniel\Faculdade\Ano_3\Semestre_5\SE\sw\MFRC522\Release\libMFRC522.a(mfrc522.o)
                0x0000195e                PCD_CalculateCRC
 .text.PCD_TransceiveData
                0x000019f2       0x44 C:\Daniel\Faculdade\Ano_3\Semestre_5\SE\sw\MFRC522\Release\libMFRC522.a(mfrc522.o)
                0x000019f2                PCD_TransceiveData
 .text.PCD_CommunicateWithPICC
                0x00001a36      0x1be C:\Daniel\Faculdade\Ano_3\Semestre_5\SE\sw\MFRC522\Release\libMFRC522.a(mfrc522.o)
                0x00001a36                PCD_CommunicateWithPICC
 .text.PICC_RequestA
                0x00001bf4       0x1e C:\Daniel\Faculdade\Ano_3\Semestre_5\SE\sw\MFRC522\Release\libMFRC522.a(mfrc522.o)
                0x00001bf4                PICC_RequestA
 .text.PICC_REQA_or_WUPA
                0x00001c12       0x72 C:\Daniel\Faculdade\Ano_3\Semestre_5\SE\sw\MFRC522\Release\libMFRC522.a(mfrc522.o)
                0x00001c12                PICC_REQA_or_WUPA
 .text.PICC_Select
                0x00001c84      0x44a C:\Daniel\Faculdade\Ano_3\Semestre_5\SE\sw\MFRC522\Release\libMFRC522.a(mfrc522.o)
                0x00001c84                PICC_Select
 .text.PICC_IsNewCardPresent
                0x000020ce       0x36 C:\Daniel\Faculdade\Ano_3\Semestre_5\SE\sw\MFRC522\Release\libMFRC522.a(mfrc522.o)
                0x000020ce                PICC_IsNewCardPresent
 .text.PICC_ReadCardSerial
                0x00002104       0x3c C:\Daniel\Faculdade\Ano_3\Semestre_5\SE\sw\MFRC522\Release\libMFRC522.a(mfrc522.o)
                0x00002104                PICC_ReadCardSerial
 .text.DELAY_Init
                0x00002140       0x24 C:\Daniel\Faculdade\Ano_3\Semestre_5\SE\sw\DRIVERS\Debug\libDRIVERS.a(delay.o)
                0x00002140                DELAY_Init
 .text.DELAY_Milliseconds
                0x00002164       0x2e C:\Daniel\Faculdade\Ano_3\Semestre_5\SE\sw\DRIVERS\Debug\libDRIVERS.a(delay.o)
                0x00002164                DELAY_Milliseconds
 .text.DELAY_GetElapsedMillis
                0x00002192       0x1a C:\Daniel\Faculdade\Ano_3\Semestre_5\SE\sw\DRIVERS\Debug\libDRIVERS.a(delay.o)
                0x00002192                DELAY_GetElapsedMillis
 .text.DELAY_StopwatchInit
                0x000021ac        0xc C:\Daniel\Faculdade\Ano_3\Semestre_5\SE\sw\DRIVERS\Debug\libDRIVERS.a(delay.o)
                0x000021ac                DELAY_StopwatchInit
 .text.DELAY_Stopwatch
                0x000021b8       0x16 C:\Daniel\Faculdade\Ano_3\Semestre_5\SE\sw\DRIVERS\Debug\libDRIVERS.a(delay.o)
                0x000021b8                DELAY_Stopwatch
 .text.ReadValues
                0x000021ce       0x34 C:\Daniel\Faculdade\Ano_3\Semestre_5\SE\sw\DRIVERS\Debug\libDRIVERS.a(encoder.o)
                0x000021ce                ReadValues
 *fill*         0x00002202        0x2 ff
 .text.ENCODER_Handler
                0x00002204      0x110 C:\Daniel\Faculdade\Ano_3\Semestre_5\SE\sw\DRIVERS\Debug\libDRIVERS.a(encoder.o)
                0x00002204                ENCODER_Handler
 .text.ENCODER_Init
                0x00002314       0x20 C:\Daniel\Faculdade\Ano_3\Semestre_5\SE\sw\DRIVERS\Debug\libDRIVERS.a(encoder.o)
                0x00002314                ENCODER_Init
 .text.ENCODER_GetValue
                0x00002334       0x24 C:\Daniel\Faculdade\Ano_3\Semestre_5\SE\sw\DRIVERS\Debug\libDRIVERS.a(encoder.o)
                0x00002334                ENCODER_GetValue
 .text.ENCODER_GetButton
                0x00002358       0x14 C:\Daniel\Faculdade\Ano_3\Semestre_5\SE\sw\DRIVERS\Debug\libDRIVERS.a(encoder.o)
                0x00002358                ENCODER_GetButton
 .text.resetCursor
                0x0000236c       0x20 C:\Daniel\Faculdade\Ano_3\Semestre_5\SE\sw\DRIVERS\Debug\libDRIVERS.a(lcd.o)
                0x0000236c                resetCursor
 .text.reachEndOfRow
                0x0000238c       0x1e C:\Daniel\Faculdade\Ano_3\Semestre_5\SE\sw\DRIVERS\Debug\libDRIVERS.a(lcd.o)
                0x0000238c                reachEndOfRow
 .text.LCDText_Init
                0x000023aa       0xae C:\Daniel\Faculdade\Ano_3\Semestre_5\SE\sw\DRIVERS\Debug\libDRIVERS.a(lcd.o)
                0x000023aa                LCDText_Init
 .text.LCDText_WriteChar
                0x00002458       0x80 C:\Daniel\Faculdade\Ano_3\Semestre_5\SE\sw\DRIVERS\Debug\libDRIVERS.a(lcd.o)
                0x00002458                LCDText_WriteChar
 .text.LCDText_WriteString
                0x000024d8       0x2c C:\Daniel\Faculdade\Ano_3\Semestre_5\SE\sw\DRIVERS\Debug\libDRIVERS.a(lcd.o)
                0x000024d8                LCDText_WriteString
 .text.LCDText_SetCursor
                0x00002504       0x4c C:\Daniel\Faculdade\Ano_3\Semestre_5\SE\sw\DRIVERS\Debug\libDRIVERS.a(lcd.o)
                0x00002504                LCDText_SetCursor
 .text.LCDText_Clear
                0x00002550       0x1a C:\Daniel\Faculdade\Ano_3\Semestre_5\SE\sw\DRIVERS\Debug\libDRIVERS.a(lcd.o)
                0x00002550                LCDText_Clear
 .text.LCDText_WriteNibble
                0x0000256a       0x54 C:\Daniel\Faculdade\Ano_3\Semestre_5\SE\sw\DRIVERS\Debug\libDRIVERS.a(lcd.o)
 .text.LCDText_WriteByte
                0x000025be       0x34 C:\Daniel\Faculdade\Ano_3\Semestre_5\SE\sw\DRIVERS\Debug\libDRIVERS.a(lcd.o)
 .text.LCDText_WriteCMD
                0x000025f2       0x1c C:\Daniel\Faculdade\Ano_3\Semestre_5\SE\sw\DRIVERS\Debug\libDRIVERS.a(lcd.o)
 .text.LCDText_WriteData
                0x0000260e       0x1c C:\Daniel\Faculdade\Ano_3\Semestre_5\SE\sw\DRIVERS\Debug\libDRIVERS.a(lcd.o)
 .text.LCDText_Printf
                0x0000262a       0x30 C:\Daniel\Faculdade\Ano_3\Semestre_5\SE\sw\DRIVERS\Debug\libDRIVERS.a(lcd.o)
                0x0000262a                LCDText_Printf
 .text.LED_Init
                0x0000265a       0x28 C:\Daniel\Faculdade\Ano_3\Semestre_5\SE\sw\DRIVERS\Debug\libDRIVERS.a(led.o)
                0x0000265a                LED_Init
 .text.LED_GetState
                0x00002682       0x1a C:\Daniel\Faculdade\Ano_3\Semestre_5\SE\sw\DRIVERS\Debug\libDRIVERS.a(led.o)
                0x00002682                LED_GetState
 .text.LED_On   0x0000269c        0xe C:\Daniel\Faculdade\Ano_3\Semestre_5\SE\sw\DRIVERS\Debug\libDRIVERS.a(led.o)
                0x0000269c                LED_On
 .text.LED_Off  0x000026aa        0xe C:\Daniel\Faculdade\Ano_3\Semestre_5\SE\sw\DRIVERS\Debug\libDRIVERS.a(led.o)
                0x000026aa                LED_Off
 .text.LED_Toggle
                0x000026b8       0x1c C:\Daniel\Faculdade\Ano_3\Semestre_5\SE\sw\DRIVERS\Debug\libDRIVERS.a(led.o)
                0x000026b8                LED_Toggle
 .text.MFRC522_PreInit
                0x000026d4       0x28 C:\Daniel\Faculdade\Ano_3\Semestre_5\SE\sw\DRIVERS\Debug\libDRIVERS.a(mfrc522_func.o)
                0x000026d4                MFRC522_PreInit
 .text.MFRC522_Reset
                0x000026fc       0x26 C:\Daniel\Faculdade\Ano_3\Semestre_5\SE\sw\DRIVERS\Debug\libDRIVERS.a(mfrc522_func.o)
                0x000026fc                MFRC522_Reset
 .text.MFRC522_Select
                0x00002722       0x26 C:\Daniel\Faculdade\Ano_3\Semestre_5\SE\sw\DRIVERS\Debug\libDRIVERS.a(mfrc522_func.o)
                0x00002722                MFRC522_Select
 .text.MFRC522_Transfer
                0x00002748       0x20 C:\Daniel\Faculdade\Ano_3\Semestre_5\SE\sw\DRIVERS\Debug\libDRIVERS.a(mfrc522_func.o)
                0x00002748                MFRC522_Transfer
 .text.MFRC522_WaitMs
                0x00002768       0x16 C:\Daniel\Faculdade\Ano_3\Semestre_5\SE\sw\DRIVERS\Debug\libDRIVERS.a(mfrc522_func.o)
                0x00002768                MFRC522_WaitMs
 .text.RTC_Init
                0x0000277e       0x1a C:\Daniel\Faculdade\Ano_3\Semestre_5\SE\sw\DRIVERS\Debug\libDRIVERS.a(rtc.o)
                0x0000277e                RTC_Init
 .text.RTC_GetValue
                0x00002798       0x16 C:\Daniel\Faculdade\Ano_3\Semestre_5\SE\sw\DRIVERS\Debug\libDRIVERS.a(rtc.o)
                0x00002798                RTC_GetValue
 .text.RTC_SetValue
                0x000027ae       0x16 C:\Daniel\Faculdade\Ano_3\Semestre_5\SE\sw\DRIVERS\Debug\libDRIVERS.a(rtc.o)
                0x000027ae                RTC_SetValue
 .text.RTC_SetSeconds
                0x000027c4       0x20 C:\Daniel\Faculdade\Ano_3\Semestre_5\SE\sw\DRIVERS\Debug\libDRIVERS.a(rtc.o)
                0x000027c4                RTC_SetSeconds
 .text.PIN_dir  0x000027e4       0x54 C:\Daniel\Faculdade\Ano_3\Semestre_5\SE\sw\HAL\Debug\libHAL.a(pin.o)
                0x000027e4                PIN_dir
 .text.PIN_set  0x00002838       0x48 C:\Daniel\Faculdade\Ano_3\Semestre_5\SE\sw\HAL\Debug\libHAL.a(pin.o)
                0x00002838                PIN_set
 .text.PIN_clear
                0x00002880       0x48 C:\Daniel\Faculdade\Ano_3\Semestre_5\SE\sw\HAL\Debug\libHAL.a(pin.o)
                0x00002880                PIN_clear
 .text.PIN_isOn
                0x000028c8       0x48 C:\Daniel\Faculdade\Ano_3\Semestre_5\SE\sw\HAL\Debug\libHAL.a(pin.o)
                0x000028c8                PIN_isOn
 .text.PIN_write
                0x00002910       0x30 C:\Daniel\Faculdade\Ano_3\Semestre_5\SE\sw\HAL\Debug\libHAL.a(pin.o)
                0x00002910                PIN_write
 .text.PIN_value
                0x00002940       0x22 C:\Daniel\Faculdade\Ano_3\Semestre_5\SE\sw\HAL\Debug\libHAL.a(pin.o)
                0x00002940                PIN_value
 *fill*         0x00002962        0x2 ff
 .text.PIN_ReadValues
                0x00002964       0x40 C:\Daniel\Faculdade\Ano_3\Semestre_5\SE\sw\HAL\Debug\libHAL.a(pin.o)
                0x00002964                PIN_ReadValues
 .text.NVIC_EnableIRQ
                0x000029a4       0x30 C:\Daniel\Faculdade\Ano_3\Semestre_5\SE\sw\HAL\Debug\libHAL.a(rit.o)
 .text.RIT_SetHandler
                0x000029d4       0x50 C:\Daniel\Faculdade\Ano_3\Semestre_5\SE\sw\HAL\Debug\libHAL.a(rit.o)
                0x000029d4                RIT_SetHandler
 .text.RIT_IRQHandler
                0x00002a24       0x1c C:\Daniel\Faculdade\Ano_3\Semestre_5\SE\sw\HAL\Debug\libHAL.a(rit.o)
                0x00002a24                RIT_IRQHandler
 .text.RIT_Start
                0x00002a40       0x3c C:\Daniel\Faculdade\Ano_3\Semestre_5\SE\sw\HAL\Debug\libHAL.a(rit.o)
                0x00002a40                RIT_Start
 .text.RIT_Restart
                0x00002a7c       0x20 C:\Daniel\Faculdade\Ano_3\Semestre_5\SE\sw\HAL\Debug\libHAL.a(rit.o)
                0x00002a7c                RIT_Restart
 .text.RTC_HAL_init
                0x00002a9c       0x24 C:\Daniel\Faculdade\Ano_3\Semestre_5\SE\sw\HAL\Debug\libHAL.a(rtc_hal.o)
                0x00002a9c                RTC_HAL_init
 .text.RTC_HAL_getvalue
                0x00002ac0       0xb4 C:\Daniel\Faculdade\Ano_3\Semestre_5\SE\sw\HAL\Debug\libHAL.a(rtc_hal.o)
                0x00002ac0                RTC_HAL_getvalue
 .text.RTC_HAL_setvalue
                0x00002b74       0x8c C:\Daniel\Faculdade\Ano_3\Semestre_5\SE\sw\HAL\Debug\libHAL.a(rtc_hal.o)
                0x00002b74                RTC_HAL_setvalue
 .text.SPI_Init
                0x00002c00       0x58 C:\Daniel\Faculdade\Ano_3\Semestre_5\SE\sw\HAL\Debug\libHAL.a(spi.o)
                0x00002c00                SPI_Init
 .text.SPI_ConfigTransfer
                0x00002c58       0x54 C:\Daniel\Faculdade\Ano_3\Semestre_5\SE\sw\HAL\Debug\libHAL.a(spi.o)
                0x00002c58                SPI_ConfigTransfer
 .text.SPI_Transfer
                0x00002cac       0x34 C:\Daniel\Faculdade\Ano_3\Semestre_5\SE\sw\HAL\Debug\libHAL.a(spi.o)
                0x00002cac                SPI_Transfer
 .text.NVIC_SetPriority
                0x00002ce0       0x54 C:\Daniel\Faculdade\Ano_3\Semestre_5\SE\sw\HAL\Debug\libHAL.a(systick.o)
 .text.SysTick_Config
                0x00002d34       0x44 C:\Daniel\Faculdade\Ano_3\Semestre_5\SE\sw\HAL\Debug\libHAL.a(systick.o)
 .text.SysTick_Handler
                0x00002d78       0x1c C:\Daniel\Faculdade\Ano_3\Semestre_5\SE\sw\HAL\Debug\libHAL.a(systick.o)
                0x00002d78                SysTick_Handler
 .text.SYSTICK_Init
                0x00002d94       0x28 C:\Daniel\Faculdade\Ano_3\Semestre_5\SE\sw\HAL\Debug\libHAL.a(systick.o)
                0x00002d94                SYSTICK_Init
 .text.SYSTICK_GetValue
                0x00002dbc       0x14 C:\Daniel\Faculdade\Ano_3\Semestre_5\SE\sw\HAL\Debug\libHAL.a(systick.o)
                0x00002dbc                SYSTICK_GetValue
 .text.TIMER_Init
                0x00002dd0       0x4c C:\Daniel\Faculdade\Ano_3\Semestre_5\SE\sw\HAL\Debug\libHAL.a(timer.o)
                0x00002dd0                TIMER_Init
 .text.TIMER_WaitMicros
                0x00002e1c       0x3e C:\Daniel\Faculdade\Ano_3\Semestre_5\SE\sw\HAL\Debug\libHAL.a(timer.o)
                0x00002e1c                TIMER_WaitMicros
 *fill*         0x00002e5a        0x2 ff
 .text.SystemCoreClockUpdate
                0x00002e5c       0xb8 C:\Daniel\Faculdade\Ano_3\Semestre_5\SE\sw\CMSIS_CORE_LPC17xx\Debug\libCMSIS_CORE_LPC17xx.a(system_LPC17xx.o)
                0x00002e5c                SystemCoreClockUpdate
 .text.SystemInit
                0x00002f14       0xd8 C:\Daniel\Faculdade\Ano_3\Semestre_5\SE\sw\CMSIS_CORE_LPC17xx\Debug\libCMSIS_CORE_LPC17xx.a(system_LPC17xx.o)
                0x00002f14                SystemInit
 .text.__main   0x00002fec        0xe c:/nxp/mcuxpressoide_11.8.0_1165/ide/plugins/com.nxp.mcuxpresso.tools.win32_11.8.0.202306131047/tools/bin/../lib/gcc/arm-none-eabi/12.2.1/../../../../arm-none-eabi/lib/thumb/v7-m/nofp\libcr_semihost.a(_cr__main.o)
                0x00002fec                __CR_SEMIHOST
                0x00002fec                __main
 .text.memcpy   0x00002ffa        0x4 c:/nxp/mcuxpressoide_11.8.0_1165/ide/plugins/com.nxp.mcuxpresso.tools.win32_11.8.0.202306131047/tools/bin/../lib/gcc/arm-none-eabi/12.2.1/../../../../arm-none-eabi/lib/thumb/v7-m/nofp\libcr_c.a(memcpy.o)
                0x00002ffa                memcpy
 .text.fp_round
                0x00002ffe       0x4c c:/nxp/mcuxpressoide_11.8.0_1165/ide/plugins/com.nxp.mcuxpresso.tools.win32_11.8.0.202306131047/tools/bin/../lib/gcc/arm-none-eabi/12.2.1/../../../../arm-none-eabi/lib/thumb/v7-m/nofp\libcr_c.a(fpprintf.o)
 .text.pr_dec.constprop.0
                0x0000304a       0x24 c:/nxp/mcuxpressoide_11.8.0_1165/ide/plugins/com.nxp.mcuxpresso.tools.win32_11.8.0.202306131047/tools/bin/../lib/gcc/arm-none-eabi/12.2.1/../../../../arm-none-eabi/lib/thumb/v7-m/nofp\libcr_c.a(fpprintf.o)
 *fill*         0x0000306e        0x2 ff
 .text.sprintf  0x00003070       0x6c c:/nxp/mcuxpressoide_11.8.0_1165/ide/plugins/com.nxp.mcuxpresso.tools.win32_11.8.0.202306131047/tools/bin/../lib/gcc/arm-none-eabi/12.2.1/../../../../arm-none-eabi/lib/thumb/v7-m/nofp\libcr_c.a(fpprintf.o)
                0x00003070                sprintf
 *fill*         0x000030dc        0x4 ff
 .text.fp_display
                0x000030e0      0x9cc c:/nxp/mcuxpressoide_11.8.0_1165/ide/plugins/com.nxp.mcuxpresso.tools.win32_11.8.0.202306131047/tools/bin/../lib/gcc/arm-none-eabi/12.2.1/../../../../arm-none-eabi/lib/thumb/v7-m/nofp\libcr_c.a(fpprintf.o)
 .text.vsprintf
                0x00003aac       0x5c c:/nxp/mcuxpressoide_11.8.0_1165/ide/plugins/com.nxp.mcuxpresso.tools.win32_11.8.0.202306131047/tools/bin/../lib/gcc/arm-none-eabi/12.2.1/../../../../arm-none-eabi/lib/thumb/v7-m/nofp\libcr_c.a(fpprintf.o)
                0x00003aac                vsprintf
 .text._initio  0x00003b08       0x78 c:/nxp/mcuxpressoide_11.8.0_1165/ide/plugins/com.nxp.mcuxpresso.tools.win32_11.8.0.202306131047/tools/bin/../lib/gcc/arm-none-eabi/12.2.1/../../../../arm-none-eabi/lib/thumb/v7-m/nofp\libcr_c.a(initio.o)
                0x00003b08                _initio
 .text.__vfprintf
                0x00003b80      0xb74 c:/nxp/mcuxpressoide_11.8.0_1165/ide/plugins/com.nxp.mcuxpresso.tools.win32_11.8.0.202306131047/tools/bin/../lib/gcc/arm-none-eabi/12.2.1/../../../../arm-none-eabi/lib/thumb/v7-m/nofp\libcr_c.a(printf.o)
                0x00003b80                __vfprintf
 .text.setvbuf  0x000046f4       0x3e c:/nxp/mcuxpressoide_11.8.0_1165/ide/plugins/com.nxp.mcuxpresso.tools.win32_11.8.0.202306131047/tools/bin/../lib/gcc/arm-none-eabi/12.2.1/../../../../arm-none-eabi/lib/thumb/v7-m/nofp\libcr_c.a(setvbuf.o)
                0x000046f4                setvbuf
 .text.strlen   0x00004732       0x4e c:/nxp/mcuxpressoide_11.8.0_1165/ide/plugins/com.nxp.mcuxpresso.tools.win32_11.8.0.202306131047/tools/bin/../lib/gcc/arm-none-eabi/12.2.1/../../../../arm-none-eabi/lib/thumb/v7-m/nofp\libcr_c.a(strlen.o)
                0x00004732                strlen
 .text.localtime
                0x00004780       0xb0 c:/nxp/mcuxpressoide_11.8.0_1165/ide/plugins/com.nxp.mcuxpresso.tools.win32_11.8.0.202306131047/tools/bin/../lib/gcc/arm-none-eabi/12.2.1/../../../../arm-none-eabi/lib/thumb/v7-m/nofp\libcr_c.a(time.o)
                0x00004780                localtime
 .text.memset   0x00004830        0x4 c:/nxp/mcuxpressoide_11.8.0_1165/ide/plugins/com.nxp.mcuxpresso.tools.win32_11.8.0.202306131047/tools/bin/../lib/gcc/arm-none-eabi/12.2.1/../../../../arm-none-eabi/lib/thumb/v7-m/nofp\libcr_c.a(memset.o)
                0x00004830                memset
 .text._deferredlazyseek
                0x00004834       0x40 c:/nxp/mcuxpressoide_11.8.0_1165/ide/plugins/com.nxp.mcuxpresso.tools.win32_11.8.0.202306131047/tools/bin/../lib/gcc/arm-none-eabi/12.2.1/../../../../arm-none-eabi/lib/thumb/v7-m/nofp\libcr_c.a(_deferredlazyseek.o)
                0x00004834                _deferredlazyseek
 .text.__flsbuf
                0x00004874      0x140 c:/nxp/mcuxpressoide_11.8.0_1165/ide/plugins/com.nxp.mcuxpresso.tools.win32_11.8.0.202306131047/tools/bin/../lib/gcc/arm-none-eabi/12.2.1/../../../../arm-none-eabi/lib/thumb/v7-m/nofp\libcr_c.a(_deferredlazyseek.o)
                0x00004874                __flsbuf
 .text._fdopen  0x000049b4       0x68 c:/nxp/mcuxpressoide_11.8.0_1165/ide/plugins/com.nxp.mcuxpresso.tools.win32_11.8.0.202306131047/tools/bin/../lib/gcc/arm-none-eabi/12.2.1/../../../../arm-none-eabi/lib/thumb/v7-m/nofp\libcr_c.a(_fdopen.o)
                0x000049b4                _fdopen
 .text._fflush  0x00004a1c       0x52 c:/nxp/mcuxpressoide_11.8.0_1165/ide/plugins/com.nxp.mcuxpresso.tools.win32_11.8.0.202306131047/tools/bin/../lib/gcc/arm-none-eabi/12.2.1/../../../../arm-none-eabi/lib/thumb/v7-m/nofp\libcr_c.a(_fflush.o)
                0x00004a1c                _fflush
 .text._frexpl  0x00004a6e       0x5a c:/nxp/mcuxpressoide_11.8.0_1165/ide/plugins/com.nxp.mcuxpresso.tools.win32_11.8.0.202306131047/tools/bin/../lib/gcc/arm-none-eabi/12.2.1/../../../../arm-none-eabi/lib/thumb/v7-m/nofp\libcr_c.a(_frexpl.o)
                0x00004a6e                _frexpl
 .text._ldexpl  0x00004ac8       0x48 c:/nxp/mcuxpressoide_11.8.0_1165/ide/plugins/com.nxp.mcuxpresso.tools.win32_11.8.0.202306131047/tools/bin/../lib/gcc/arm-none-eabi/12.2.1/../../../../arm-none-eabi/lib/thumb/v7-m/nofp\libcr_c.a(_ldexpl.o)
                0x00004ac8                _ldexpl
 .text._Cwritebuf
                0x00004b10       0x6c c:/nxp/mcuxpressoide_11.8.0_1165/ide/plugins/com.nxp.mcuxpresso.tools.win32_11.8.0.202306131047/tools/bin/../lib/gcc/arm-none-eabi/12.2.1/../../../../arm-none-eabi/lib/thumb/v7-m/nofp\libcr_c.a(_writebuf.o)
                0x00004b10                _Cwritebuf
 .text.malloc   0x00004b7c       0xe8 c:/nxp/mcuxpressoide_11.8.0_1165/ide/plugins/com.nxp.mcuxpresso.tools.win32_11.8.0.202306131047/tools/bin/../lib/gcc/arm-none-eabi/12.2.1/../../../../arm-none-eabi/lib/thumb/v7-m/nofp\libcr_c.a(alloc.o)
                0x00004b7c                malloc
 .text.free     0x00004c64       0x30 c:/nxp/mcuxpressoide_11.8.0_1165/ide/plugins/com.nxp.mcuxpresso.tools.win32_11.8.0.202306131047/tools/bin/../lib/gcc/arm-none-eabi/12.2.1/../../../../arm-none-eabi/lib/thumb/v7-m/nofp\libcr_c.a(alloc.o)
                0x00004c64                free
 .text._Csys_alloc
                0x00004c94       0x20 c:/nxp/mcuxpressoide_11.8.0_1165/ide/plugins/com.nxp.mcuxpresso.tools.win32_11.8.0.202306131047/tools/bin/../lib/gcc/arm-none-eabi/12.2.1/../../../../arm-none-eabi/lib/thumb/v7-m/nofp\libcr_c.a(alloc.o)
                0x00004c94                _Csys_alloc
 .text.fclose   0x00004cb4       0x58 c:/nxp/mcuxpressoide_11.8.0_1165/ide/plugins/com.nxp.mcuxpresso.tools.win32_11.8.0.202306131047/tools/bin/../lib/gcc/arm-none-eabi/12.2.1/../../../../arm-none-eabi/lib/thumb/v7-m/nofp\libcr_c.a(fclose.o)
                0x00004cb4                fclose
 .text.fflush   0x00004d0c       0x3c c:/nxp/mcuxpressoide_11.8.0_1165/ide/plugins/com.nxp.mcuxpresso.tools.win32_11.8.0.202306131047/tools/bin/../lib/gcc/arm-none-eabi/12.2.1/../../../../arm-none-eabi/lib/thumb/v7-m/nofp\libcr_c.a(fflush.o)
                0x00004d0c                fflush
 .text.fseek    0x00004d48       0xf8 c:/nxp/mcuxpressoide_11.8.0_1165/ide/plugins/com.nxp.mcuxpresso.tools.win32_11.8.0.202306131047/tools/bin/../lib/gcc/arm-none-eabi/12.2.1/../../../../arm-none-eabi/lib/thumb/v7-m/nofp\libcr_c.a(fseek.o)
                0x00004d48                fseek
 .text.ftell    0x00004e40       0x44 c:/nxp/mcuxpressoide_11.8.0_1165/ide/plugins/com.nxp.mcuxpresso.tools.win32_11.8.0.202306131047/tools/bin/../lib/gcc/arm-none-eabi/12.2.1/../../../../arm-none-eabi/lib/thumb/v7-m/nofp\libcr_c.a(ftell.o)
                0x00004e40                ftell
 .text.remove   0x00004e84       0x14 c:/nxp/mcuxpressoide_11.8.0_1165/ide/plugins/com.nxp.mcuxpresso.tools.win32_11.8.0.202306131047/tools/bin/../lib/gcc/arm-none-eabi/12.2.1/../../../../arm-none-eabi/lib/thumb/v7-m/nofp\libcr_c.a(remove.o)
                0x00004e84                remove
 .text._sbrk    0x00004e98       0x3c c:/nxp/mcuxpressoide_11.8.0_1165/ide/plugins/com.nxp.mcuxpresso.tools.win32_11.8.0.202306131047/tools/bin/../lib/gcc/arm-none-eabi/12.2.1/../../../../arm-none-eabi/lib/thumb/v7-m/nofp\libcr_c.a(_cr_sbrk.o)
                0x00004e98                _sbrk
 .text._do_fflush
                0x00004ed4       0x40 c:/nxp/mcuxpressoide_11.8.0_1165/ide/plugins/com.nxp.mcuxpresso.tools.win32_11.8.0.202306131047/tools/bin/../lib/gcc/arm-none-eabi/12.2.1/../../../../arm-none-eabi/lib/thumb/v7-m/nofp\libcr_c.a(_do_fflush.o)
                0x00004ed4                _do_fflush
 .text.__check_heap_overflow
                0x00004f14       0x18 c:/nxp/mcuxpressoide_11.8.0_1165/ide/plugins/com.nxp.mcuxpresso.tools.win32_11.8.0.202306131047/tools/bin/../lib/gcc/arm-none-eabi/12.2.1/../../../../arm-none-eabi/lib/thumb/v7-m/nofp\libcr_c.a(_cr_check_heap.o)
                0x00004f14                __check_heap_overflow
 .text.__aeabi_division_uldivmod
                0x00004f2c      0x174 c:/nxp/mcuxpressoide_11.8.0_1165/ide/plugins/com.nxp.mcuxpresso.tools.win32_11.8.0.202306131047/tools/bin/../lib/gcc/arm-none-eabi/12.2.1/thumb/v7-m/nofp\libcr_eabihelpers.a(division_64.o)
                0x00004f2c                __aeabi_uldivmod
                0x00004f30                __bhs_ldivmod1
 .text.__aeabi_division_idiv0
                0x000050a0        0x2 c:/nxp/mcuxpressoide_11.8.0_1165/ide/plugins/com.nxp.mcuxpresso.tools.win32_11.8.0.202306131047/tools/bin/../lib/gcc/arm-none-eabi/12.2.1/thumb/v7-m/nofp\libcr_eabihelpers.a(division_idiv0.o)
                0x000050a0                __aeabi_idiv0
 *fill*         0x000050a2        0x2 ff
 .text.__aeabi_dmul
                0x000050a4       0xfc c:/nxp/mcuxpressoide_11.8.0_1165/ide/plugins/com.nxp.mcuxpresso.tools.win32_11.8.0.202306131047/tools/bin/../lib/gcc/arm-none-eabi/12.2.1/thumb/v7-m/nofp\libcr_eabihelpers.a(double.o)
                0x000050a4                __aeabi_dmul
 .text.__aeabi_ddiv
                0x000051a0      0x130 c:/nxp/mcuxpressoide_11.8.0_1165/ide/plugins/com.nxp.mcuxpresso.tools.win32_11.8.0.202306131047/tools/bin/../lib/gcc/arm-none-eabi/12.2.1/thumb/v7-m/nofp\libcr_eabihelpers.a(double.o)
                0x000051a0                __aeabi_ddiv
 .text.__aeabi_dsub
                0x000052d0      0x1b4 c:/nxp/mcuxpressoide_11.8.0_1165/ide/plugins/com.nxp.mcuxpresso.tools.win32_11.8.0.202306131047/tools/bin/../lib/gcc/arm-none-eabi/12.2.1/thumb/v7-m/nofp\libcr_eabihelpers.a(double.o)
                0x000052d0                __aeabi_dsub
 .text.__aeabi_dadd
                0x00005484      0x13c c:/nxp/mcuxpressoide_11.8.0_1165/ide/plugins/com.nxp.mcuxpresso.tools.win32_11.8.0.202306131047/tools/bin/../lib/gcc/arm-none-eabi/12.2.1/thumb/v7-m/nofp\libcr_eabihelpers.a(double.o)
                0x00005484                __aeabi_dadd
 .text.__aeabi_d2iz
                0x000055c0       0x42 c:/nxp/mcuxpressoide_11.8.0_1165/ide/plugins/com.nxp.mcuxpresso.tools.win32_11.8.0.202306131047/tools/bin/../lib/gcc/arm-none-eabi/12.2.1/thumb/v7-m/nofp\libcr_eabihelpers.a(double.o)
                0x000055c0                __aeabi_d2iz
 .text.__bhs_ui2d
                0x00005602       0x46 c:/nxp/mcuxpressoide_11.8.0_1165/ide/plugins/com.nxp.mcuxpresso.tools.win32_11.8.0.202306131047/tools/bin/../lib/gcc/arm-none-eabi/12.2.1/thumb/v7-m/nofp\libcr_eabihelpers.a(double.o)
                0x00005602                __bhs_ui2d
 .text.__aeabi_i2d
                0x00005648       0x10 c:/nxp/mcuxpressoide_11.8.0_1165/ide/plugins/com.nxp.mcuxpresso.tools.win32_11.8.0.202306131047/tools/bin/../lib/gcc/arm-none-eabi/12.2.1/thumb/v7-m/nofp\libcr_eabihelpers.a(double.o)
                0x00005648                __aeabi_i2d
 .text.__aeabi_dcmpeq
                0x00005658       0x3e c:/nxp/mcuxpressoide_11.8.0_1165/ide/plugins/com.nxp.mcuxpresso.tools.win32_11.8.0.202306131047/tools/bin/../lib/gcc/arm-none-eabi/12.2.1/thumb/v7-m/nofp\libcr_eabihelpers.a(double.o)
                0x00005658                __aeabi_dcmpeq
 .text.__aeabi_dcmplt
                0x00005696       0x5a c:/nxp/mcuxpressoide_11.8.0_1165/ide/plugins/com.nxp.mcuxpresso.tools.win32_11.8.0.202306131047/tools/bin/../lib/gcc/arm-none-eabi/12.2.1/thumb/v7-m/nofp\libcr_eabihelpers.a(double.o)
                0x00005696                __aeabi_dcmplt
 .text.__aeabi_dcmple
                0x000056f0       0x5a c:/nxp/mcuxpressoide_11.8.0_1165/ide/plugins/com.nxp.mcuxpresso.tools.win32_11.8.0.202306131047/tools/bin/../lib/gcc/arm-none-eabi/12.2.1/thumb/v7-m/nofp\libcr_eabihelpers.a(double.o)
                0x000056f0                __aeabi_dcmple
 .text.__aeabi_dcmpge
                0x0000574a       0x5a c:/nxp/mcuxpressoide_11.8.0_1165/ide/plugins/com.nxp.mcuxpresso.tools.win32_11.8.0.202306131047/tools/bin/../lib/gcc/arm-none-eabi/12.2.1/thumb/v7-m/nofp\libcr_eabihelpers.a(double.o)
                0x0000574a                __aeabi_dcmpge
 .text.__aeabi_memcpy
                0x000057a4       0x34 c:/nxp/mcuxpressoide_11.8.0_1165/ide/plugins/com.nxp.mcuxpresso.tools.win32_11.8.0.202306131047/tools/bin/../lib/gcc/arm-none-eabi/12.2.1/thumb/v7-m/nofp\libcr_eabihelpers.a(memcpy.o)
                0x000057a4                __aeabi_memcpy
                0x000057ae                __aeabi_memcpy8
                0x000057ae                __aeabi_memcpy4
 .text.__aeabi_memset_lowlevel
                0x000057d8       0x32 c:/nxp/mcuxpressoide_11.8.0_1165/ide/plugins/com.nxp.mcuxpresso.tools.win32_11.8.0.202306131047/tools/bin/../lib/gcc/arm-none-eabi/12.2.1/thumb/v7-m/nofp\libcr_eabihelpers.a(memcpy.o)
                0x000057d8                __aeabi_lowlevel_memset
 *fill*         0x0000580a        0x2 ff
 .text.__sys_appexit
                0x0000580c        0xc c:/nxp/mcuxpressoide_11.8.0_1165/ide/plugins/com.nxp.mcuxpresso.tools.win32_11.8.0.202306131047/tools/bin/../lib/gcc/arm-none-eabi/12.2.1/../../../../arm-none-eabi/lib/thumb/v7-m/nofp\libcr_semihost.a(__sys_appexit.o)
                0x0000580c                __sys_appexit
                0x0000580c                __exit
 .text.__sys_close
                0x00005818        0xc c:/nxp/mcuxpressoide_11.8.0_1165/ide/plugins/com.nxp.mcuxpresso.tools.win32_11.8.0.202306131047/tools/bin/../lib/gcc/arm-none-eabi/12.2.1/../../../../arm-none-eabi/lib/thumb/v7-m/nofp\libcr_semihost.a(__sys_close.o)
                0x00005818                __sys_close
 .text.__sys_flen
                0x00005824        0xc c:/nxp/mcuxpressoide_11.8.0_1165/ide/plugins/com.nxp.mcuxpresso.tools.win32_11.8.0.202306131047/tools/bin/../lib/gcc/arm-none-eabi/12.2.1/../../../../arm-none-eabi/lib/thumb/v7-m/nofp\libcr_semihost.a(__sys_flen.o)
                0x00005824                __sys_flen
 .text.__sys_istty
                0x00005830        0xc c:/nxp/mcuxpressoide_11.8.0_1165/ide/plugins/com.nxp.mcuxpresso.tools.win32_11.8.0.202306131047/tools/bin/../lib/gcc/arm-none-eabi/12.2.1/../../../../arm-none-eabi/lib/thumb/v7-m/nofp\libcr_semihost.a(__sys_istty.o)
                0x00005830                __sys_istty
 .text.__sys_remove
                0x0000583c        0xc c:/nxp/mcuxpressoide_11.8.0_1165/ide/plugins/com.nxp.mcuxpresso.tools.win32_11.8.0.202306131047/tools/bin/../lib/gcc/arm-none-eabi/12.2.1/../../../../arm-none-eabi/lib/thumb/v7-m/nofp\libcr_semihost.a(__sys_remove.o)
                0x0000583c                __sys_remove
 .text.__sys_seek
                0x00005848        0xc c:/nxp/mcuxpressoide_11.8.0_1165/ide/plugins/com.nxp.mcuxpresso.tools.win32_11.8.0.202306131047/tools/bin/../lib/gcc/arm-none-eabi/12.2.1/../../../../arm-none-eabi/lib/thumb/v7-m/nofp\libcr_semihost.a(__sys_seek.o)
                0x00005848                __sys_seek
 .text.__sys_tmpnam
                0x00005854        0xc c:/nxp/mcuxpressoide_11.8.0_1165/ide/plugins/com.nxp.mcuxpresso.tools.win32_11.8.0.202306131047/tools/bin/../lib/gcc/arm-none-eabi/12.2.1/../../../../arm-none-eabi/lib/thumb/v7-m/nofp\libcr_semihost.a(__sys_tmpnam.o)
                0x00005854                __sys_tmpnam
 .text.__sys_write
                0x00005860        0xc c:/nxp/mcuxpressoide_11.8.0_1165/ide/plugins/com.nxp.mcuxpresso.tools.win32_11.8.0.202306131047/tools/bin/../lib/gcc/arm-none-eabi/12.2.1/../../../../arm-none-eabi/lib/thumb/v7-m/nofp\libcr_semihost.a(__sys_write.o)
                0x00005860                __sys_write
 *(.rodata .rodata.* .constdata .constdata.*)
 .rodata.LISTS_CreateMaintenance.str1.4
                0x0000586c       0x2d ./src/lists.o
 *fill*         0x00005899        0x3 ff
 .rodata.PROJECT_Start.str1.4
                0x0000589c        0xf ./src/project.o
 *fill*         0x000058ab        0x1 ff
 .rodata.PROJECT_Deposit.str1.4
                0x000058ac        0xd ./src/project.o
 *fill*         0x000058b9        0x3 ff
 .rodata.PROJECT_Collect.str1.4
                0x000058bc        0xf ./src/project.o
 *fill*         0x000058cb        0x1 ff
 .rodata.PROJECT_CalendarAndClock.str1.4
                0x000058cc       0xbc ./src/project.o
 .rodata.PROJECT_AddCard.str1.4
                0x00005988       0x11 ./src/project.o
 *fill*         0x00005999        0x3 ff
 .rodata.PROJECT_SeeLogs.str1.4
                0x0000599c       0x3b ./src/project.o
 .rodata.fp_display.str1.1
                0x000059d7       0x34 c:/nxp/mcuxpressoide_11.8.0_1165/ide/plugins/com.nxp.mcuxpresso.tools.win32_11.8.0.202306131047/tools/bin/../lib/gcc/arm-none-eabi/12.2.1/../../../../arm-none-eabi/lib/thumb/v7-m/nofp\libcr_c.a(fpprintf.o)
                                 0x35 (size before relaxing)
 .rodata._initio.str1.1
                0x00005a0b        0x4 c:/nxp/mcuxpressoide_11.8.0_1165/ide/plugins/com.nxp.mcuxpresso.tools.win32_11.8.0.202306131047/tools/bin/../lib/gcc/arm-none-eabi/12.2.1/../../../../arm-none-eabi/lib/thumb/v7-m/nofp\libcr_c.a(initio.o)
 .rodata.__vfprintf.str1.1
                0x00005a0f       0x31 c:/nxp/mcuxpressoide_11.8.0_1165/ide/plugins/com.nxp.mcuxpresso.tools.win32_11.8.0.202306131047/tools/bin/../lib/gcc/arm-none-eabi/12.2.1/../../../../arm-none-eabi/lib/thumb/v7-m/nofp\libcr_c.a(printf.o)
                                 0x38 (size before relaxing)
 .rodata.monlen
                0x00005a40       0x34 c:/nxp/mcuxpressoide_11.8.0_1165/ide/plugins/com.nxp.mcuxpresso.tools.win32_11.8.0.202306131047/tools/bin/../lib/gcc/arm-none-eabi/12.2.1/../../../../arm-none-eabi/lib/thumb/v7-m/nofp\libcr_c.a(time.o)
 .rodata._Csys_alloc.str1.1
                0x00005a74       0x18 c:/nxp/mcuxpressoide_11.8.0_1165/ide/plugins/com.nxp.mcuxpresso.tools.win32_11.8.0.202306131047/tools/bin/../lib/gcc/arm-none-eabi/12.2.1/../../../../arm-none-eabi/lib/thumb/v7-m/nofp\libcr_c.a(alloc.o)
 .rodata.__num_Ciob_streams
                0x00005a8c        0x4 c:/nxp/mcuxpressoide_11.8.0_1165/ide/plugins/com.nxp.mcuxpresso.tools.win32_11.8.0.202306131047/tools/bin/../lib/gcc/arm-none-eabi/12.2.1/../../../../arm-none-eabi/lib/thumb/v7-m/nofp\libcr_semihost.a(__ciob.o)
                0x00005a8c                __num_Ciob_streams
                0x00005a90                . = ALIGN (0x4)

.glue_7         0x00005a90        0x0
 .glue_7        0x00005a90        0x0 linker stubs

.glue_7t        0x00005a90        0x0
 .glue_7t       0x00005a90        0x0 linker stubs

.vfp11_veneer   0x00005a90        0x0
 .vfp11_veneer  0x00005a90        0x0 linker stubs

.v4_bx          0x00005a90        0x0
 .v4_bx         0x00005a90        0x0 linker stubs

.iplt           0x00005a90        0x0
 .iplt          0x00005a90        0x0 ./src/cr_startup_lpc175x_6x.o

.rel.dyn        0x00005a90        0x0
 .rel.iplt      0x00005a90        0x0 ./src/cr_startup_lpc175x_6x.o

.ARM.extab
 *(.ARM.extab* .gnu.linkonce.armextab.*)

.ARM.exidx      0x00005a90        0x0
                0x00005a90                __exidx_start = .
 *(.ARM.exidx* .gnu.linkonce.armexidx.*)
                0x00005a90                __exidx_end = .
                0x00005a90                _etext = .

.data_RAM2      0x2007c000        0x0 load address 0x00005a90
 FILL mask 0xff
                [!provide]                PROVIDE (__start_data_RAM2 = .)
                [!provide]                PROVIDE (__start_data_RamAHB32 = .)
 *(.ramfunc.$RAM2)
 *(.ramfunc.$RamAHB32)
 *(.data.$RAM2)
 *(.data.$RamAHB32)
 *(.data.$RAM2.*)
 *(.data.$RamAHB32.*)
                0x2007c000                . = ALIGN (0x4)
                [!provide]                PROVIDE (__end_data_RAM2 = .)
                [!provide]                PROVIDE (__end_data_RamAHB32 = .)

.uninit_RESERVED
                0x10000000        0x0
                0x10000000                _start_uninit_RESERVED = .
 *(.bss.$RESERVED*)
                0x10000000                . = ALIGN (0x4)
                0x10000000                _end_uninit_RESERVED = .

.data           0x10000000       0x50 load address 0x00005a90
 FILL mask 0xff
                0x10000000                _data = .
                [!provide]                PROVIDE (__start_data_RAM = .)
                [!provide]                PROVIDE (__start_data_RamLoc32 = .)
 *(vtable)
 *(.ramfunc*)
 *(CodeQuickAccess)
 *(DataQuickAccess)
 *(RamFunction)
 *(.data*)
 .data.date     0x10000000       0x24 ./src/project.o
                0x10000000                date
 .data.timePointer
                0x10000024        0x4 ./src/project.o
                0x10000024                timePointer
 .data.ops      0x10000028       0x10 ./src/project.o
                0x10000028                ops
 .data.LPC_GPIO_MAP
                0x10000038       0x14 C:\Daniel\Faculdade\Ano_3\Semestre_5\SE\sw\HAL\Debug\libHAL.a(pin.o)
                0x10000038                LPC_GPIO_MAP
 .data.SystemCoreClock
                0x1000004c        0x4 C:\Daniel\Faculdade\Ano_3\Semestre_5\SE\sw\CMSIS_CORE_LPC17xx\Debug\libCMSIS_CORE_LPC17xx.a(system_LPC17xx.o)
                0x1000004c                SystemCoreClock
                0x10000050                . = ALIGN (0x4)
                0x10000050                _edata = .
                [!provide]                PROVIDE (__end_data_RAM = .)
                [!provide]                PROVIDE (__end_data_RamLoc32 = .)

.igot.plt       0x10000050        0x0 load address 0x00005ae0
 .igot.plt      0x10000050        0x0 ./src/cr_startup_lpc175x_6x.o

.bss_RAM2       0x2007c000        0x0
                [!provide]                PROVIDE (__start_bss_RAM2 = .)
                [!provide]                PROVIDE (__start_bss_RamAHB32 = .)
 *(.bss.$RAM2)
 *(.bss.$RamAHB32)
 *(.bss.$RAM2.*)
 *(.bss.$RamAHB32.*)
                0x2007c000                . = ALIGN ((. != 0x0)?0x4:0x1)
                [!provide]                PROVIDE (__end_bss_RAM2 = .)
                [!provide]                PROVIDE (__end_bss_RamAHB32 = .)

.bss            0x10000050      0x29c
                0x10000050                _bss = .
                [!provide]                PROVIDE (__start_bss_RAM = .)
                [!provide]                PROVIDE (__start_bss_RamLoc32 = .)
 *(.bss*)
 .bss.cards     0x10000050        0x4 ./src/project.o
                0x10000050                cards
 .bss.cardIndex
                0x10000054        0x4 ./src/project.o
                0x10000054                cardIndex
 .bss.logs      0x10000058        0x4 ./src/project.o
                0x10000058                logs
 .bss.logIndex  0x1000005c        0x4 ./src/project.o
                0x1000005c                logIndex
 .bss.maintenance
                0x10000060       0x20 ./src/project.o
                0x10000060                maintenance
 .bss.maintenanceIndex
                0x10000080        0x4 ./src/project.o
                0x10000080                maintenanceIndex
 .bss.puid      0x10000084        0xc ./src/project.o
                0x10000084                puid
 .bss.rotation  0x10000090        0x4 ./src/project.o
                0x10000090                rotation
 .bss.pbutton   0x10000094        0x4 ./src/project.o
                0x10000094                pbutton
 .bss.state     0x10000098        0x1 ./src/project.o
                0x10000098                state
 *fill*         0x10000099        0x3 
 .bss.uid       0x1000009c        0xc C:\Daniel\Faculdade\Ano_3\Semestre_5\SE\sw\MFRC522\Release\libMFRC522.a(mfrc522.o)
                0x1000009c                uid
 .bss.keyDownTicks
                0x100000a8        0x4 C:\Daniel\Faculdade\Ano_3\Semestre_5\SE\sw\DRIVERS\Debug\libDRIVERS.a(encoder.o)
                0x100000a8                keyDownTicks
 .bss.doubleClickTicks
                0x100000ac        0x4 C:\Daniel\Faculdade\Ano_3\Semestre_5\SE\sw\DRIVERS\Debug\libDRIVERS.a(encoder.o)
                0x100000ac                doubleClickTicks
 .bss.button    0x100000b0        0x1 C:\Daniel\Faculdade\Ano_3\Semestre_5\SE\sw\DRIVERS\Debug\libDRIVERS.a(encoder.o)
                0x100000b0                button
 *fill*         0x100000b1        0x3 
 .bss.lastButtonCheck
                0x100000b4        0x4 C:\Daniel\Faculdade\Ano_3\Semestre_5\SE\sw\DRIVERS\Debug\libDRIVERS.a(encoder.o)
                0x100000b4                lastButtonCheck
 .bss.delta     0x100000b8        0x4 C:\Daniel\Faculdade\Ano_3\Semestre_5\SE\sw\DRIVERS\Debug\libDRIVERS.a(encoder.o)
                0x100000b8                delta
 .bss.last      0x100000bc        0x4 C:\Daniel\Faculdade\Ano_3\Semestre_5\SE\sw\DRIVERS\Debug\libDRIVERS.a(encoder.o)
                0x100000bc                last
 .bss.row       0x100000c0        0x4 C:\Daniel\Faculdade\Ano_3\Semestre_5\SE\sw\DRIVERS\Debug\libDRIVERS.a(lcd.o)
                0x100000c0                row
 .bss.col       0x100000c4        0x4 C:\Daniel\Faculdade\Ano_3\Semestre_5\SE\sw\DRIVERS\Debug\libDRIVERS.a(lcd.o)
                0x100000c4                col
 .bss.ritHandler
                0x100000c8        0x4 C:\Daniel\Faculdade\Ano_3\Semestre_5\SE\sw\HAL\Debug\libHAL.a(rit.o)
 .bss.ctime0    0x100000cc        0x4 C:\Daniel\Faculdade\Ano_3\Semestre_5\SE\sw\HAL\Debug\libHAL.a(rtc_hal.o)
                0x100000cc                ctime0
 .bss.ctime1    0x100000d0        0x4 C:\Daniel\Faculdade\Ano_3\Semestre_5\SE\sw\HAL\Debug\libHAL.a(rtc_hal.o)
                0x100000d0                ctime1
 .bss.ctime2    0x100000d4        0x4 C:\Daniel\Faculdade\Ano_3\Semestre_5\SE\sw\HAL\Debug\libHAL.a(rtc_hal.o)
                0x100000d4                ctime2
 .bss.__tick    0x100000d8        0x4 C:\Daniel\Faculdade\Ano_3\Semestre_5\SE\sw\HAL\Debug\libHAL.a(systick.o)
 .bss._tms.0    0x100000dc       0x24 c:/nxp/mcuxpressoide_11.8.0_1165/ide/plugins/com.nxp.mcuxpresso.tools.win32_11.8.0.202306131047/tools/bin/../lib/gcc/arm-none-eabi/12.2.1/../../../../arm-none-eabi/lib/thumb/v7-m/nofp\libcr_c.a(time.o)
 .bss.errno     0x10000100        0x4 c:/nxp/mcuxpressoide_11.8.0_1165/ide/plugins/com.nxp.mcuxpresso.tools.win32_11.8.0.202306131047/tools/bin/../lib/gcc/arm-none-eabi/12.2.1/../../../../arm-none-eabi/lib/thumb/v7-m/nofp\libcr_c.a(errno.o)
                0x10000100                errno
 .bss.__end_of_heap
                0x10000104        0x4 c:/nxp/mcuxpressoide_11.8.0_1165/ide/plugins/com.nxp.mcuxpresso.tools.win32_11.8.0.202306131047/tools/bin/../lib/gcc/arm-none-eabi/12.2.1/../../../../arm-none-eabi/lib/thumb/v7-m/nofp\libcr_c.a(__init_alloc.o)
                0x10000104                __end_of_heap
 .bss.__heaps   0x10000108        0x4 c:/nxp/mcuxpressoide_11.8.0_1165/ide/plugins/com.nxp.mcuxpresso.tools.win32_11.8.0.202306131047/tools/bin/../lib/gcc/arm-none-eabi/12.2.1/../../../../arm-none-eabi/lib/thumb/v7-m/nofp\libcr_c.a(__init_alloc.o)
                0x10000108                __heaps
 .bss.__Ciob    0x1000010c      0x1e0 c:/nxp/mcuxpressoide_11.8.0_1165/ide/plugins/com.nxp.mcuxpresso.tools.win32_11.8.0.202306131047/tools/bin/../lib/gcc/arm-none-eabi/12.2.1/../../../../arm-none-eabi/lib/thumb/v7-m/nofp\libcr_semihost.a(__ciob.o)
                0x1000010c                __Ciob
 *(COMMON)
                0x100002ec                . = ALIGN (0x4)
                0x100002ec                _ebss = .
                [!provide]                PROVIDE (__end_bss_RAM = .)
                [!provide]                PROVIDE (__end_bss_RamLoc32 = .)
                [!provide]                PROVIDE (end = .)

.noinit_RAM2    0x2007c000        0x0
                [!provide]                PROVIDE (__start_noinit_RAM2 = .)
                [!provide]                PROVIDE (__start_noinit_RamAHB32 = .)
 *(.noinit.$RAM2)
 *(.noinit.$RamAHB32)
 *(.noinit.$RAM2.*)
 *(.noinit.$RamAHB32.*)
                0x2007c000                . = ALIGN (0x4)
                [!provide]                PROVIDE (__end_noinit_RAM2 = .)
                [!provide]                PROVIDE (__end_noinit_RamAHB32 = .)

.noinit         0x100002ec        0x0
                0x100002ec                _noinit = .
                [!provide]                PROVIDE (__start_noinit_RAM = .)
                [!provide]                PROVIDE (__start_noinit_RamLoc32 = .)
 *(.noinit*)
                0x100002ec                . = ALIGN (0x4)
                0x100002ec                _end_noinit = .
                [!provide]                PROVIDE (__end_noinit_RAM = .)
                [!provide]                PROVIDE (__end_noinit_RamLoc32 = .)
                0x100002ec                PROVIDE (_pvHeapStart = DEFINED (__user_heap_base)?__user_heap_base:.)
                0x10008000                PROVIDE (_vStackTop = DEFINED (__user_stack_top)?__user_stack_top:(__top_RamLoc32 - 0x0))
                0xefff749e                PROVIDE (__valid_user_code_checksum = (0x0 - ((((((_vStackTop + (ResetISR + 0x1)) + (NMI_Handler + 0x1)) + (HardFault_Handler + 0x1)) + (DEFINED (MemManage_Handler)?MemManage_Handler:0x0 + 0x1)) + (DEFINED (BusFault_Handler)?BusFault_Handler:0x0 + 0x1)) + (DEFINED (UsageFault_Handler)?UsageFault_Handler:0x0 + 0x1))))
                0x00000000                _image_start = LOADADDR (.text)
                0x00005ae0                _image_end = (LOADADDR (.data) + SIZEOF (.data))
                0x00005ae0                _image_size = (_image_end - _image_start)
OUTPUT(Project.axf elf32-littlearm)
LOAD linker stubs

.debug_info     0x00000000     0x3e67
 .debug_info    0x00000000      0x278 ./src/cr_startup_lpc175x_6x.o
 .debug_info    0x00000278      0x57f ./src/lists.o
 .debug_info    0x000007f7       0xad ./src/main.o
 .debug_info    0x000008a4      0x804 ./src/project.o
 .debug_info    0x000010a8      0x192 C:\Daniel\Faculdade\Ano_3\Semestre_5\SE\sw\DRIVERS\Debug\libDRIVERS.a(delay.o)
 .debug_info    0x0000123a      0x29d C:\Daniel\Faculdade\Ano_3\Semestre_5\SE\sw\DRIVERS\Debug\libDRIVERS.a(encoder.o)
 .debug_info    0x000014d7      0x373 C:\Daniel\Faculdade\Ano_3\Semestre_5\SE\sw\DRIVERS\Debug\libDRIVERS.a(lcd.o)
 .debug_info    0x0000184a      0x12d C:\Daniel\Faculdade\Ano_3\Semestre_5\SE\sw\DRIVERS\Debug\libDRIVERS.a(led.o)
 .debug_info    0x00001977      0x1b6 C:\Daniel\Faculdade\Ano_3\Semestre_5\SE\sw\DRIVERS\Debug\libDRIVERS.a(mfrc522_func.o)
 .debug_info    0x00001b2d      0x22c C:\Daniel\Faculdade\Ano_3\Semestre_5\SE\sw\DRIVERS\Debug\libDRIVERS.a(rtc.o)
 .debug_info    0x00001d59      0x512 C:\Daniel\Faculdade\Ano_3\Semestre_5\SE\sw\HAL\Debug\libHAL.a(pin.o)
 .debug_info    0x0000226b      0x650 C:\Daniel\Faculdade\Ano_3\Semestre_5\SE\sw\HAL\Debug\libHAL.a(rit.o)
 .debug_info    0x000028bb      0x45d C:\Daniel\Faculdade\Ano_3\Semestre_5\SE\sw\HAL\Debug\libHAL.a(rtc_hal.o)
 .debug_info    0x00002d18      0x4fa C:\Daniel\Faculdade\Ano_3\Semestre_5\SE\sw\HAL\Debug\libHAL.a(spi.o)
 .debug_info    0x00003212      0x56b C:\Daniel\Faculdade\Ano_3\Semestre_5\SE\sw\HAL\Debug\libHAL.a(systick.o)
 .debug_info    0x0000377d      0x3dc C:\Daniel\Faculdade\Ano_3\Semestre_5\SE\sw\HAL\Debug\libHAL.a(timer.o)
 .debug_info    0x00003b59      0x30e C:\Daniel\Faculdade\Ano_3\Semestre_5\SE\sw\CMSIS_CORE_LPC17xx\Debug\libCMSIS_CORE_LPC17xx.a(system_LPC17xx.o)

.debug_abbrev   0x00000000     0x178f
 .debug_abbrev  0x00000000      0x152 ./src/cr_startup_lpc175x_6x.o
 .debug_abbrev  0x00000152      0x1a6 ./src/lists.o
 .debug_abbrev  0x000002f8       0x61 ./src/main.o
 .debug_abbrev  0x00000359      0x287 ./src/project.o
 .debug_abbrev  0x000005e0      0x161 C:\Daniel\Faculdade\Ano_3\Semestre_5\SE\sw\DRIVERS\Debug\libDRIVERS.a(delay.o)
 .debug_abbrev  0x00000741      0x197 C:\Daniel\Faculdade\Ano_3\Semestre_5\SE\sw\DRIVERS\Debug\libDRIVERS.a(encoder.o)
 .debug_abbrev  0x000008d8      0x1a4 C:\Daniel\Faculdade\Ano_3\Semestre_5\SE\sw\DRIVERS\Debug\libDRIVERS.a(lcd.o)
 .debug_abbrev  0x00000a7c       0xc1 C:\Daniel\Faculdade\Ano_3\Semestre_5\SE\sw\DRIVERS\Debug\libDRIVERS.a(led.o)
 .debug_abbrev  0x00000b3d       0xe8 C:\Daniel\Faculdade\Ano_3\Semestre_5\SE\sw\DRIVERS\Debug\libDRIVERS.a(mfrc522_func.o)
 .debug_abbrev  0x00000c25      0x151 C:\Daniel\Faculdade\Ano_3\Semestre_5\SE\sw\DRIVERS\Debug\libDRIVERS.a(rtc.o)
 .debug_abbrev  0x00000d76      0x16e C:\Daniel\Faculdade\Ano_3\Semestre_5\SE\sw\HAL\Debug\libHAL.a(pin.o)
 .debug_abbrev  0x00000ee4      0x214 C:\Daniel\Faculdade\Ano_3\Semestre_5\SE\sw\HAL\Debug\libHAL.a(rit.o)
 .debug_abbrev  0x000010f8      0x129 C:\Daniel\Faculdade\Ano_3\Semestre_5\SE\sw\HAL\Debug\libHAL.a(rtc_hal.o)
 .debug_abbrev  0x00001221      0x157 C:\Daniel\Faculdade\Ano_3\Semestre_5\SE\sw\HAL\Debug\libHAL.a(spi.o)
 .debug_abbrev  0x00001378      0x1cf C:\Daniel\Faculdade\Ano_3\Semestre_5\SE\sw\HAL\Debug\libHAL.a(systick.o)
 .debug_abbrev  0x00001547      0x13b C:\Daniel\Faculdade\Ano_3\Semestre_5\SE\sw\HAL\Debug\libHAL.a(timer.o)
 .debug_abbrev  0x00001682      0x10d C:\Daniel\Faculdade\Ano_3\Semestre_5\SE\sw\CMSIS_CORE_LPC17xx\Debug\libCMSIS_CORE_LPC17xx.a(system_LPC17xx.o)

.debug_aranges  0x00000000      0x4a8
 .debug_aranges
                0x00000000       0x80 ./src/cr_startup_lpc175x_6x.o
 .debug_aranges
                0x00000080       0x50 ./src/lists.o
 .debug_aranges
                0x000000d0       0x20 ./src/main.o
 .debug_aranges
                0x000000f0       0x68 ./src/project.o
 .debug_aranges
                0x00000158       0x40 C:\Daniel\Faculdade\Ano_3\Semestre_5\SE\sw\DRIVERS\Debug\libDRIVERS.a(delay.o)
 .debug_aranges
                0x00000198       0x40 C:\Daniel\Faculdade\Ano_3\Semestre_5\SE\sw\DRIVERS\Debug\libDRIVERS.a(encoder.o)
 .debug_aranges
                0x000001d8       0x78 C:\Daniel\Faculdade\Ano_3\Semestre_5\SE\sw\DRIVERS\Debug\libDRIVERS.a(lcd.o)
 .debug_aranges
                0x00000250       0x40 C:\Daniel\Faculdade\Ano_3\Semestre_5\SE\sw\DRIVERS\Debug\libDRIVERS.a(led.o)
 .debug_aranges
                0x00000290       0x40 C:\Daniel\Faculdade\Ano_3\Semestre_5\SE\sw\DRIVERS\Debug\libDRIVERS.a(mfrc522_func.o)
 .debug_aranges
                0x000002d0       0x48 C:\Daniel\Faculdade\Ano_3\Semestre_5\SE\sw\DRIVERS\Debug\libDRIVERS.a(rtc.o)
 .debug_aranges
                0x00000318       0x50 C:\Daniel\Faculdade\Ano_3\Semestre_5\SE\sw\HAL\Debug\libHAL.a(pin.o)
 .debug_aranges
                0x00000368       0x50 C:\Daniel\Faculdade\Ano_3\Semestre_5\SE\sw\HAL\Debug\libHAL.a(rit.o)
 .debug_aranges
                0x000003b8       0x30 C:\Daniel\Faculdade\Ano_3\Semestre_5\SE\sw\HAL\Debug\libHAL.a(rtc_hal.o)
 .debug_aranges
                0x000003e8       0x30 C:\Daniel\Faculdade\Ano_3\Semestre_5\SE\sw\HAL\Debug\libHAL.a(spi.o)
 .debug_aranges
                0x00000418       0x40 C:\Daniel\Faculdade\Ano_3\Semestre_5\SE\sw\HAL\Debug\libHAL.a(systick.o)
 .debug_aranges
                0x00000458       0x28 C:\Daniel\Faculdade\Ano_3\Semestre_5\SE\sw\HAL\Debug\libHAL.a(timer.o)
 .debug_aranges
                0x00000480       0x28 C:\Daniel\Faculdade\Ano_3\Semestre_5\SE\sw\CMSIS_CORE_LPC17xx\Debug\libCMSIS_CORE_LPC17xx.a(system_LPC17xx.o)

.debug_rnglists
                0x00000000      0x33b
 .debug_rnglists
                0x00000000       0x5b ./src/cr_startup_lpc175x_6x.o
 .debug_rnglists
                0x0000005b       0x3b ./src/lists.o
 .debug_rnglists
                0x00000096       0x13 ./src/main.o
 .debug_rnglists
                0x000000a9       0x50 ./src/project.o
 .debug_rnglists
                0x000000f9       0x2b C:\Daniel\Faculdade\Ano_3\Semestre_5\SE\sw\DRIVERS\Debug\libDRIVERS.a(delay.o)
 .debug_rnglists
                0x00000124       0x2c C:\Daniel\Faculdade\Ano_3\Semestre_5\SE\sw\DRIVERS\Debug\libDRIVERS.a(encoder.o)
 .debug_rnglists
                0x00000150       0x57 C:\Daniel\Faculdade\Ano_3\Semestre_5\SE\sw\DRIVERS\Debug\libDRIVERS.a(lcd.o)
 .debug_rnglists
                0x000001a7       0x2b C:\Daniel\Faculdade\Ano_3\Semestre_5\SE\sw\DRIVERS\Debug\libDRIVERS.a(led.o)
 .debug_rnglists
                0x000001d2       0x2b C:\Daniel\Faculdade\Ano_3\Semestre_5\SE\sw\DRIVERS\Debug\libDRIVERS.a(mfrc522_func.o)
 .debug_rnglists
                0x000001fd       0x31 C:\Daniel\Faculdade\Ano_3\Semestre_5\SE\sw\DRIVERS\Debug\libDRIVERS.a(rtc.o)
 .debug_rnglists
                0x0000022e       0x37 C:\Daniel\Faculdade\Ano_3\Semestre_5\SE\sw\HAL\Debug\libHAL.a(pin.o)
 .debug_rnglists
                0x00000265       0x37 C:\Daniel\Faculdade\Ano_3\Semestre_5\SE\sw\HAL\Debug\libHAL.a(rit.o)
 .debug_rnglists
                0x0000029c       0x21 C:\Daniel\Faculdade\Ano_3\Semestre_5\SE\sw\HAL\Debug\libHAL.a(rtc_hal.o)
 .debug_rnglists
                0x000002bd       0x1f C:\Daniel\Faculdade\Ano_3\Semestre_5\SE\sw\HAL\Debug\libHAL.a(spi.o)
 .debug_rnglists
                0x000002dc       0x2b C:\Daniel\Faculdade\Ano_3\Semestre_5\SE\sw\HAL\Debug\libHAL.a(systick.o)
 .debug_rnglists
                0x00000307       0x19 C:\Daniel\Faculdade\Ano_3\Semestre_5\SE\sw\HAL\Debug\libHAL.a(timer.o)
 .debug_rnglists
                0x00000320       0x1b C:\Daniel\Faculdade\Ano_3\Semestre_5\SE\sw\CMSIS_CORE_LPC17xx\Debug\libCMSIS_CORE_LPC17xx.a(system_LPC17xx.o)

.debug_macro    0x00000000     0x4850
 .debug_macro   0x00000000       0x1d ./src/cr_startup_lpc175x_6x.o
 .debug_macro   0x0000001d      0xaba ./src/cr_startup_lpc175x_6x.o
 .debug_macro   0x00000ad7       0x7f ./src/lists.o
 .debug_macro   0x00000b56       0x10 ./src/lists.o
 .debug_macro   0x00000b66      0x12e ./src/lists.o
 .debug_macro   0x00000c94       0x28 ./src/lists.o
 .debug_macro   0x00000cbc       0x9a ./src/lists.o
 .debug_macro   0x00000d56      0x5b3 ./src/lists.o
 .debug_macro   0x00001309       0x22 ./src/lists.o
 .debug_macro   0x0000132b       0xce ./src/main.o
 .debug_macro   0x000013f9       0x1c ./src/main.o
 .debug_macro   0x00001415       0x3a ./src/main.o
 .debug_macro   0x0000144f       0x2d ./src/main.o
 .debug_macro   0x0000147c      0xbb1 ./src/main.o
 .debug_macro   0x0000202d      0x2c7 ./src/main.o
 .debug_macro   0x000022f4       0x82 ./src/main.o
 .debug_macro   0x00002376       0xa0 ./src/main.o
 .debug_macro   0x00002416       0x22 ./src/main.o
 .debug_macro   0x00002438       0xdb ./src/project.o
 .debug_macro   0x00002513       0x10 ./src/project.o
 .debug_macro   0x00002523       0x10 ./src/project.o
 .debug_macro   0x00002533       0xae C:\Daniel\Faculdade\Ano_3\Semestre_5\SE\sw\DRIVERS\Debug\libDRIVERS.a(delay.o)
 .debug_macro   0x000025e1      0xaba C:\Daniel\Faculdade\Ano_3\Semestre_5\SE\sw\DRIVERS\Debug\libDRIVERS.a(delay.o)
 .debug_macro   0x0000309b       0xb0 C:\Daniel\Faculdade\Ano_3\Semestre_5\SE\sw\DRIVERS\Debug\libDRIVERS.a(encoder.o)
 .debug_macro   0x0000314b       0xc1 C:\Daniel\Faculdade\Ano_3\Semestre_5\SE\sw\DRIVERS\Debug\libDRIVERS.a(lcd.o)
 .debug_macro   0x0000320c       0x1c C:\Daniel\Faculdade\Ano_3\Semestre_5\SE\sw\DRIVERS\Debug\libDRIVERS.a(lcd.o)
 .debug_macro   0x00003228       0x72 C:\Daniel\Faculdade\Ano_3\Semestre_5\SE\sw\DRIVERS\Debug\libDRIVERS.a(led.o)
 .debug_macro   0x0000329a       0x9e C:\Daniel\Faculdade\Ano_3\Semestre_5\SE\sw\DRIVERS\Debug\libDRIVERS.a(mfrc522_func.o)
 .debug_macro   0x00003338       0x63 C:\Daniel\Faculdade\Ano_3\Semestre_5\SE\sw\DRIVERS\Debug\libDRIVERS.a(rtc.o)
 .debug_macro   0x0000339b       0x9e C:\Daniel\Faculdade\Ano_3\Semestre_5\SE\sw\HAL\Debug\libHAL.a(pin.o)
 .debug_macro   0x00003439       0xb6 C:\Daniel\Faculdade\Ano_3\Semestre_5\SE\sw\HAL\Debug\libHAL.a(rit.o)
 .debug_macro   0x000034ef       0xd8 C:\Daniel\Faculdade\Ano_3\Semestre_5\SE\sw\HAL\Debug\libHAL.a(rtc_hal.o)
 .debug_macro   0x000035c7       0xbb C:\Daniel\Faculdade\Ano_3\Semestre_5\SE\sw\HAL\Debug\libHAL.a(spi.o)
 .debug_macro   0x00003682       0xa8 C:\Daniel\Faculdade\Ano_3\Semestre_5\SE\sw\HAL\Debug\libHAL.a(systick.o)
 .debug_macro   0x0000372a       0xcb C:\Daniel\Faculdade\Ano_3\Semestre_5\SE\sw\HAL\Debug\libHAL.a(timer.o)
 .debug_macro   0x000037f5      0x154 C:\Daniel\Faculdade\Ano_3\Semestre_5\SE\sw\CMSIS_CORE_LPC17xx\Debug\libCMSIS_CORE_LPC17xx.a(system_LPC17xx.o)
 .debug_macro   0x00003949      0xaba C:\Daniel\Faculdade\Ano_3\Semestre_5\SE\sw\CMSIS_CORE_LPC17xx\Debug\libCMSIS_CORE_LPC17xx.a(system_LPC17xx.o)
 .debug_macro   0x00004403       0x22 C:\Daniel\Faculdade\Ano_3\Semestre_5\SE\sw\CMSIS_CORE_LPC17xx\Debug\libCMSIS_CORE_LPC17xx.a(system_LPC17xx.o)
 .debug_macro   0x00004425       0x8e C:\Daniel\Faculdade\Ano_3\Semestre_5\SE\sw\CMSIS_CORE_LPC17xx\Debug\libCMSIS_CORE_LPC17xx.a(system_LPC17xx.o)
 .debug_macro   0x000044b3       0x51 C:\Daniel\Faculdade\Ano_3\Semestre_5\SE\sw\CMSIS_CORE_LPC17xx\Debug\libCMSIS_CORE_LPC17xx.a(system_LPC17xx.o)
 .debug_macro   0x00004504      0x103 C:\Daniel\Faculdade\Ano_3\Semestre_5\SE\sw\CMSIS_CORE_LPC17xx\Debug\libCMSIS_CORE_LPC17xx.a(system_LPC17xx.o)
 .debug_macro   0x00004607       0x6a C:\Daniel\Faculdade\Ano_3\Semestre_5\SE\sw\CMSIS_CORE_LPC17xx\Debug\libCMSIS_CORE_LPC17xx.a(system_LPC17xx.o)
 .debug_macro   0x00004671      0x1df C:\Daniel\Faculdade\Ano_3\Semestre_5\SE\sw\CMSIS_CORE_LPC17xx\Debug\libCMSIS_CORE_LPC17xx.a(system_LPC17xx.o)

.debug_line     0x00000000     0x3c2c
 .debug_line    0x00000000      0x162 ./src/cr_startup_lpc175x_6x.o
 .debug_line    0x00000162      0x450 ./src/lists.o
 .debug_line    0x000005b2      0x34f ./src/main.o
 .debug_line    0x00000901      0xa0a ./src/project.o
 .debug_line    0x0000130b      0x31d C:\Daniel\Faculdade\Ano_3\Semestre_5\SE\sw\DRIVERS\Debug\libDRIVERS.a(delay.o)
 .debug_line    0x00001628      0x304 C:\Daniel\Faculdade\Ano_3\Semestre_5\SE\sw\DRIVERS\Debug\libDRIVERS.a(encoder.o)
 .debug_line    0x0000192c      0x3a1 C:\Daniel\Faculdade\Ano_3\Semestre_5\SE\sw\DRIVERS\Debug\libDRIVERS.a(lcd.o)
 .debug_line    0x00001ccd      0x27f C:\Daniel\Faculdade\Ano_3\Semestre_5\SE\sw\DRIVERS\Debug\libDRIVERS.a(led.o)
 .debug_line    0x00001f4c      0x298 C:\Daniel\Faculdade\Ano_3\Semestre_5\SE\sw\DRIVERS\Debug\libDRIVERS.a(mfrc522_func.o)
 .debug_line    0x000021e4      0x281 C:\Daniel\Faculdade\Ano_3\Semestre_5\SE\sw\DRIVERS\Debug\libDRIVERS.a(rtc.o)
 .debug_line    0x00002465      0x33b C:\Daniel\Faculdade\Ano_3\Semestre_5\SE\sw\HAL\Debug\libHAL.a(pin.o)
 .debug_line    0x000027a0      0x350 C:\Daniel\Faculdade\Ano_3\Semestre_5\SE\sw\HAL\Debug\libHAL.a(rit.o)
 .debug_line    0x00002af0      0x349 C:\Daniel\Faculdade\Ano_3\Semestre_5\SE\sw\HAL\Debug\libHAL.a(rtc_hal.o)
 .debug_line    0x00002e39      0x2a1 C:\Daniel\Faculdade\Ano_3\Semestre_5\SE\sw\HAL\Debug\libHAL.a(spi.o)
 .debug_line    0x000030da      0x31e C:\Daniel\Faculdade\Ano_3\Semestre_5\SE\sw\HAL\Debug\libHAL.a(systick.o)
 .debug_line    0x000033f8      0x2ab C:\Daniel\Faculdade\Ano_3\Semestre_5\SE\sw\HAL\Debug\libHAL.a(timer.o)
 .debug_line    0x000036a3      0x589 C:\Daniel\Faculdade\Ano_3\Semestre_5\SE\sw\CMSIS_CORE_LPC17xx\Debug\libCMSIS_CORE_LPC17xx.a(system_LPC17xx.o)

.debug_str      0x00000000     0xcfe2
 .debug_str     0x00000000     0x2fe4 ./src/cr_startup_lpc175x_6x.o
                               0x2ff7 (size before relaxing)
 .debug_str     0x00002fe4     0x1ab6 ./src/lists.o
                               0x495c (size before relaxing)
 .debug_str     0x00004a9a     0x5da3 ./src/main.o
                               0xa57b (size before relaxing)
 .debug_str     0x0000a83d      0x3cd ./src/project.o
                               0x4d07 (size before relaxing)
 .debug_str     0x0000ac0a       0xf5 C:\Daniel\Faculdade\Ano_3\Semestre_5\SE\sw\DRIVERS\Debug\libDRIVERS.a(delay.o)
                               0xa134 (size before relaxing)
 .debug_str     0x0000acff      0x1c5 C:\Daniel\Faculdade\Ano_3\Semestre_5\SE\sw\DRIVERS\Debug\libDRIVERS.a(encoder.o)
                               0x49df (size before relaxing)
 .debug_str     0x0000aec4      0x245 C:\Daniel\Faculdade\Ano_3\Semestre_5\SE\sw\DRIVERS\Debug\libDRIVERS.a(lcd.o)
                               0x4a28 (size before relaxing)
 .debug_str     0x0000b109       0x3e C:\Daniel\Faculdade\Ano_3\Semestre_5\SE\sw\DRIVERS\Debug\libDRIVERS.a(led.o)
                               0x47c2 (size before relaxing)
 .debug_str     0x0000b147       0xdf C:\Daniel\Faculdade\Ano_3\Semestre_5\SE\sw\DRIVERS\Debug\libDRIVERS.a(mfrc522_func.o)
                               0x4886 (size before relaxing)
 .debug_str     0x0000b226       0x91 C:\Daniel\Faculdade\Ano_3\Semestre_5\SE\sw\DRIVERS\Debug\libDRIVERS.a(rtc.o)
                               0x3701 (size before relaxing)
 .debug_str     0x0000b2b7      0x19a C:\Daniel\Faculdade\Ano_3\Semestre_5\SE\sw\HAL\Debug\libHAL.a(pin.o)
                               0xa23c (size before relaxing)
 .debug_str     0x0000b451      0x452 C:\Daniel\Faculdade\Ano_3\Semestre_5\SE\sw\HAL\Debug\libHAL.a(rit.o)
                               0xa510 (size before relaxing)
 .debug_str     0x0000b8a3      0x20a C:\Daniel\Faculdade\Ano_3\Semestre_5\SE\sw\HAL\Debug\libHAL.a(rtc_hal.o)
                               0xa368 (size before relaxing)
 .debug_str     0x0000baad      0x1fc C:\Daniel\Faculdade\Ano_3\Semestre_5\SE\sw\HAL\Debug\libHAL.a(spi.o)
                               0xa3a3 (size before relaxing)
 .debug_str     0x0000bca9       0xc9 C:\Daniel\Faculdade\Ano_3\Semestre_5\SE\sw\HAL\Debug\libHAL.a(systick.o)
                               0xa416 (size before relaxing)
 .debug_str     0x0000bd72       0xba C:\Daniel\Faculdade\Ano_3\Semestre_5\SE\sw\HAL\Debug\libHAL.a(timer.o)
                               0xa25f (size before relaxing)
 .debug_str     0x0000be2c     0x11b6 C:\Daniel\Faculdade\Ano_3\Semestre_5\SE\sw\CMSIS_CORE_LPC17xx\Debug\libCMSIS_CORE_LPC17xx.a(system_LPC17xx.o)
                               0x9a6e (size before relaxing)

.comment        0x00000000       0x45
 .comment       0x00000000       0x45 ./src/cr_startup_lpc175x_6x.o
                                 0x46 (size before relaxing)
 .comment       0x00000045       0x46 ./src/lists.o
 .comment       0x00000045       0x46 ./src/main.o
 .comment       0x00000045       0x46 ./src/project.o
 .comment       0x00000045       0x46 C:\Daniel\Faculdade\Ano_3\Semestre_5\SE\sw\MFRC522\Release\libMFRC522.a(mfrc522.o)
 .comment       0x00000045       0x46 C:\Daniel\Faculdade\Ano_3\Semestre_5\SE\sw\DRIVERS\Debug\libDRIVERS.a(delay.o)
 .comment       0x00000045       0x46 C:\Daniel\Faculdade\Ano_3\Semestre_5\SE\sw\DRIVERS\Debug\libDRIVERS.a(encoder.o)
 .comment       0x00000045       0x46 C:\Daniel\Faculdade\Ano_3\Semestre_5\SE\sw\DRIVERS\Debug\libDRIVERS.a(lcd.o)
 .comment       0x00000045       0x46 C:\Daniel\Faculdade\Ano_3\Semestre_5\SE\sw\DRIVERS\Debug\libDRIVERS.a(led.o)
 .comment       0x00000045       0x46 C:\Daniel\Faculdade\Ano_3\Semestre_5\SE\sw\DRIVERS\Debug\libDRIVERS.a(mfrc522_func.o)
 .comment       0x00000045       0x46 C:\Daniel\Faculdade\Ano_3\Semestre_5\SE\sw\DRIVERS\Debug\libDRIVERS.a(rtc.o)
 .comment       0x00000045       0x46 C:\Daniel\Faculdade\Ano_3\Semestre_5\SE\sw\HAL\Debug\libHAL.a(pin.o)
 .comment       0x00000045       0x46 C:\Daniel\Faculdade\Ano_3\Semestre_5\SE\sw\HAL\Debug\libHAL.a(rit.o)
 .comment       0x00000045       0x46 C:\Daniel\Faculdade\Ano_3\Semestre_5\SE\sw\HAL\Debug\libHAL.a(rtc_hal.o)
 .comment       0x00000045       0x46 C:\Daniel\Faculdade\Ano_3\Semestre_5\SE\sw\HAL\Debug\libHAL.a(spi.o)
 .comment       0x00000045       0x46 C:\Daniel\Faculdade\Ano_3\Semestre_5\SE\sw\HAL\Debug\libHAL.a(systick.o)
 .comment       0x00000045       0x46 C:\Daniel\Faculdade\Ano_3\Semestre_5\SE\sw\HAL\Debug\libHAL.a(timer.o)
 .comment       0x00000045       0x46 C:\Daniel\Faculdade\Ano_3\Semestre_5\SE\sw\CMSIS_CORE_LPC17xx\Debug\libCMSIS_CORE_LPC17xx.a(system_LPC17xx.o)
 .comment       0x00000045       0x46 c:/nxp/mcuxpressoide_11.8.0_1165/ide/plugins/com.nxp.mcuxpresso.tools.win32_11.8.0.202306131047/tools/bin/../lib/gcc/arm-none-eabi/12.2.1/../../../../arm-none-eabi/lib/thumb/v7-m/nofp\libcr_semihost.a(_cr__main.o)
 .comment       0x00000045       0x46 c:/nxp/mcuxpressoide_11.8.0_1165/ide/plugins/com.nxp.mcuxpresso.tools.win32_11.8.0.202306131047/tools/bin/../lib/gcc/arm-none-eabi/12.2.1/../../../../arm-none-eabi/lib/thumb/v7-m/nofp\libcr_c.a(memcpy.o)
 .comment       0x00000045       0x46 c:/nxp/mcuxpressoide_11.8.0_1165/ide/plugins/com.nxp.mcuxpresso.tools.win32_11.8.0.202306131047/tools/bin/../lib/gcc/arm-none-eabi/12.2.1/../../../../arm-none-eabi/lib/thumb/v7-m/nofp\libcr_c.a(fpprintf.o)
 .comment       0x00000045       0x46 c:/nxp/mcuxpressoide_11.8.0_1165/ide/plugins/com.nxp.mcuxpresso.tools.win32_11.8.0.202306131047/tools/bin/../lib/gcc/arm-none-eabi/12.2.1/../../../../arm-none-eabi/lib/thumb/v7-m/nofp\libcr_c.a(initio.o)
 .comment       0x00000045       0x46 c:/nxp/mcuxpressoide_11.8.0_1165/ide/plugins/com.nxp.mcuxpresso.tools.win32_11.8.0.202306131047/tools/bin/../lib/gcc/arm-none-eabi/12.2.1/../../../../arm-none-eabi/lib/thumb/v7-m/nofp\libcr_c.a(printf.o)
 .comment       0x00000045       0x46 c:/nxp/mcuxpressoide_11.8.0_1165/ide/plugins/com.nxp.mcuxpresso.tools.win32_11.8.0.202306131047/tools/bin/../lib/gcc/arm-none-eabi/12.2.1/../../../../arm-none-eabi/lib/thumb/v7-m/nofp\libcr_c.a(setvbuf.o)
 .comment       0x00000045       0x46 c:/nxp/mcuxpressoide_11.8.0_1165/ide/plugins/com.nxp.mcuxpresso.tools.win32_11.8.0.202306131047/tools/bin/../lib/gcc/arm-none-eabi/12.2.1/../../../../arm-none-eabi/lib/thumb/v7-m/nofp\libcr_c.a(strlen.o)
 .comment       0x00000045       0x46 c:/nxp/mcuxpressoide_11.8.0_1165/ide/plugins/com.nxp.mcuxpresso.tools.win32_11.8.0.202306131047/tools/bin/../lib/gcc/arm-none-eabi/12.2.1/../../../../arm-none-eabi/lib/thumb/v7-m/nofp\libcr_c.a(time.o)
 .comment       0x00000045       0x46 c:/nxp/mcuxpressoide_11.8.0_1165/ide/plugins/com.nxp.mcuxpresso.tools.win32_11.8.0.202306131047/tools/bin/../lib/gcc/arm-none-eabi/12.2.1/../../../../arm-none-eabi/lib/thumb/v7-m/nofp\libcr_c.a(memset.o)
 .comment       0x00000045       0x46 c:/nxp/mcuxpressoide_11.8.0_1165/ide/plugins/com.nxp.mcuxpresso.tools.win32_11.8.0.202306131047/tools/bin/../lib/gcc/arm-none-eabi/12.2.1/../../../../arm-none-eabi/lib/thumb/v7-m/nofp\libcr_c.a(_deferredlazyseek.o)
 .comment       0x00000045       0x46 c:/nxp/mcuxpressoide_11.8.0_1165/ide/plugins/com.nxp.mcuxpresso.tools.win32_11.8.0.202306131047/tools/bin/../lib/gcc/arm-none-eabi/12.2.1/../../../../arm-none-eabi/lib/thumb/v7-m/nofp\libcr_c.a(_fdopen.o)
 .comment       0x00000045       0x46 c:/nxp/mcuxpressoide_11.8.0_1165/ide/plugins/com.nxp.mcuxpresso.tools.win32_11.8.0.202306131047/tools/bin/../lib/gcc/arm-none-eabi/12.2.1/../../../../arm-none-eabi/lib/thumb/v7-m/nofp\libcr_c.a(_fflush.o)
 .comment       0x00000045       0x46 c:/nxp/mcuxpressoide_11.8.0_1165/ide/plugins/com.nxp.mcuxpresso.tools.win32_11.8.0.202306131047/tools/bin/../lib/gcc/arm-none-eabi/12.2.1/../../../../arm-none-eabi/lib/thumb/v7-m/nofp\libcr_c.a(_frexpl.o)
 .comment       0x00000045       0x46 c:/nxp/mcuxpressoide_11.8.0_1165/ide/plugins/com.nxp.mcuxpresso.tools.win32_11.8.0.202306131047/tools/bin/../lib/gcc/arm-none-eabi/12.2.1/../../../../arm-none-eabi/lib/thumb/v7-m/nofp\libcr_c.a(_ldexpl.o)
 .comment       0x00000045       0x46 c:/nxp/mcuxpressoide_11.8.0_1165/ide/plugins/com.nxp.mcuxpresso.tools.win32_11.8.0.202306131047/tools/bin/../lib/gcc/arm-none-eabi/12.2.1/../../../../arm-none-eabi/lib/thumb/v7-m/nofp\libcr_c.a(_writebuf.o)
 .comment       0x00000045       0x46 c:/nxp/mcuxpressoide_11.8.0_1165/ide/plugins/com.nxp.mcuxpresso.tools.win32_11.8.0.202306131047/tools/bin/../lib/gcc/arm-none-eabi/12.2.1/../../../../arm-none-eabi/lib/thumb/v7-m/nofp\libcr_c.a(alloc.o)
 .comment       0x00000045       0x46 c:/nxp/mcuxpressoide_11.8.0_1165/ide/plugins/com.nxp.mcuxpresso.tools.win32_11.8.0.202306131047/tools/bin/../lib/gcc/arm-none-eabi/12.2.1/../../../../arm-none-eabi/lib/thumb/v7-m/nofp\libcr_c.a(errno.o)
 .comment       0x00000045       0x46 c:/nxp/mcuxpressoide_11.8.0_1165/ide/plugins/com.nxp.mcuxpresso.tools.win32_11.8.0.202306131047/tools/bin/../lib/gcc/arm-none-eabi/12.2.1/../../../../arm-none-eabi/lib/thumb/v7-m/nofp\libcr_c.a(fclose.o)
 .comment       0x00000045       0x46 c:/nxp/mcuxpressoide_11.8.0_1165/ide/plugins/com.nxp.mcuxpresso.tools.win32_11.8.0.202306131047/tools/bin/../lib/gcc/arm-none-eabi/12.2.1/../../../../arm-none-eabi/lib/thumb/v7-m/nofp\libcr_c.a(fflush.o)
 .comment       0x00000045       0x46 c:/nxp/mcuxpressoide_11.8.0_1165/ide/plugins/com.nxp.mcuxpresso.tools.win32_11.8.0.202306131047/tools/bin/../lib/gcc/arm-none-eabi/12.2.1/../../../../arm-none-eabi/lib/thumb/v7-m/nofp\libcr_c.a(fseek.o)
 .comment       0x00000045       0x46 c:/nxp/mcuxpressoide_11.8.0_1165/ide/plugins/com.nxp.mcuxpresso.tools.win32_11.8.0.202306131047/tools/bin/../lib/gcc/arm-none-eabi/12.2.1/../../../../arm-none-eabi/lib/thumb/v7-m/nofp\libcr_c.a(ftell.o)
 .comment       0x00000045       0x46 c:/nxp/mcuxpressoide_11.8.0_1165/ide/plugins/com.nxp.mcuxpresso.tools.win32_11.8.0.202306131047/tools/bin/../lib/gcc/arm-none-eabi/12.2.1/../../../../arm-none-eabi/lib/thumb/v7-m/nofp\libcr_c.a(remove.o)
 .comment       0x00000045       0x46 c:/nxp/mcuxpressoide_11.8.0_1165/ide/plugins/com.nxp.mcuxpresso.tools.win32_11.8.0.202306131047/tools/bin/../lib/gcc/arm-none-eabi/12.2.1/../../../../arm-none-eabi/lib/thumb/v7-m/nofp\libcr_c.a(__init_alloc.o)
 .comment       0x00000045       0x46 c:/nxp/mcuxpressoide_11.8.0_1165/ide/plugins/com.nxp.mcuxpresso.tools.win32_11.8.0.202306131047/tools/bin/../lib/gcc/arm-none-eabi/12.2.1/../../../../arm-none-eabi/lib/thumb/v7-m/nofp\libcr_c.a(_cr_sbrk.o)
 .comment       0x00000045       0x46 c:/nxp/mcuxpressoide_11.8.0_1165/ide/plugins/com.nxp.mcuxpresso.tools.win32_11.8.0.202306131047/tools/bin/../lib/gcc/arm-none-eabi/12.2.1/../../../../arm-none-eabi/lib/thumb/v7-m/nofp\libcr_c.a(_do_fflush.o)
 .comment       0x00000045       0x46 c:/nxp/mcuxpressoide_11.8.0_1165/ide/plugins/com.nxp.mcuxpresso.tools.win32_11.8.0.202306131047/tools/bin/../lib/gcc/arm-none-eabi/12.2.1/../../../../arm-none-eabi/lib/thumb/v7-m/nofp\libcr_c.a(_cr_check_heap.o)
 .comment       0x00000045       0x46 c:/nxp/mcuxpressoide_11.8.0_1165/ide/plugins/com.nxp.mcuxpresso.tools.win32_11.8.0.202306131047/tools/bin/../lib/gcc/arm-none-eabi/12.2.1/thumb/v7-m/nofp\libcr_eabihelpers.a(double.o)
 .comment       0x00000045       0x46 c:/nxp/mcuxpressoide_11.8.0_1165/ide/plugins/com.nxp.mcuxpresso.tools.win32_11.8.0.202306131047/tools/bin/../lib/gcc/arm-none-eabi/12.2.1/../../../../arm-none-eabi/lib/thumb/v7-m/nofp\libcr_semihost.a(__ciob.o)

.ARM.attributes
                0x00000000       0x2b
 .ARM.attributes
                0x00000000       0x2d ./src/cr_startup_lpc175x_6x.o
 .ARM.attributes
                0x0000002d       0x2d ./src/lists.o
 .ARM.attributes
                0x0000005a       0x2d ./src/main.o
 .ARM.attributes
                0x00000087       0x2d ./src/project.o
 .ARM.attributes
                0x000000b4       0x2d C:\Daniel\Faculdade\Ano_3\Semestre_5\SE\sw\MFRC522\Release\libMFRC522.a(mfrc522.o)
 .ARM.attributes
                0x000000e1       0x2d C:\Daniel\Faculdade\Ano_3\Semestre_5\SE\sw\DRIVERS\Debug\libDRIVERS.a(delay.o)
 .ARM.attributes
                0x0000010e       0x2d C:\Daniel\Faculdade\Ano_3\Semestre_5\SE\sw\DRIVERS\Debug\libDRIVERS.a(encoder.o)
 .ARM.attributes
                0x0000013b       0x2d C:\Daniel\Faculdade\Ano_3\Semestre_5\SE\sw\DRIVERS\Debug\libDRIVERS.a(lcd.o)
 .ARM.attributes
                0x00000168       0x2d C:\Daniel\Faculdade\Ano_3\Semestre_5\SE\sw\DRIVERS\Debug\libDRIVERS.a(led.o)
 .ARM.attributes
                0x00000195       0x2d C:\Daniel\Faculdade\Ano_3\Semestre_5\SE\sw\DRIVERS\Debug\libDRIVERS.a(mfrc522_func.o)
 .ARM.attributes
                0x000001c2       0x2d C:\Daniel\Faculdade\Ano_3\Semestre_5\SE\sw\DRIVERS\Debug\libDRIVERS.a(rtc.o)
 .ARM.attributes
                0x000001ef       0x2d C:\Daniel\Faculdade\Ano_3\Semestre_5\SE\sw\HAL\Debug\libHAL.a(pin.o)
 .ARM.attributes
                0x0000021c       0x2d C:\Daniel\Faculdade\Ano_3\Semestre_5\SE\sw\HAL\Debug\libHAL.a(rit.o)
 .ARM.attributes
                0x00000249       0x2d C:\Daniel\Faculdade\Ano_3\Semestre_5\SE\sw\HAL\Debug\libHAL.a(rtc_hal.o)
 .ARM.attributes
                0x00000276       0x2d C:\Daniel\Faculdade\Ano_3\Semestre_5\SE\sw\HAL\Debug\libHAL.a(spi.o)
 .ARM.attributes
                0x000002a3       0x2d C:\Daniel\Faculdade\Ano_3\Semestre_5\SE\sw\HAL\Debug\libHAL.a(systick.o)
 .ARM.attributes
                0x000002d0       0x2d C:\Daniel\Faculdade\Ano_3\Semestre_5\SE\sw\HAL\Debug\libHAL.a(timer.o)
 .ARM.attributes
                0x000002fd       0x2d C:\Daniel\Faculdade\Ano_3\Semestre_5\SE\sw\CMSIS_CORE_LPC17xx\Debug\libCMSIS_CORE_LPC17xx.a(system_LPC17xx.o)
 .ARM.attributes
                0x0000032a       0x2d c:/nxp/mcuxpressoide_11.8.0_1165/ide/plugins/com.nxp.mcuxpresso.tools.win32_11.8.0.202306131047/tools/bin/../lib/gcc/arm-none-eabi/12.2.1/../../../../arm-none-eabi/lib/thumb/v7-m/nofp\libcr_semihost.a(_cr__main.o)
 .ARM.attributes
                0x00000357       0x2d c:/nxp/mcuxpressoide_11.8.0_1165/ide/plugins/com.nxp.mcuxpresso.tools.win32_11.8.0.202306131047/tools/bin/../lib/gcc/arm-none-eabi/12.2.1/../../../../arm-none-eabi/lib/thumb/v7-m/nofp\libcr_c.a(memcpy.o)
 .ARM.attributes
                0x00000384       0x2d c:/nxp/mcuxpressoide_11.8.0_1165/ide/plugins/com.nxp.mcuxpresso.tools.win32_11.8.0.202306131047/tools/bin/../lib/gcc/arm-none-eabi/12.2.1/../../../../arm-none-eabi/lib/thumb/v7-m/nofp\libcr_c.a(fpprintf.o)
 .ARM.attributes
                0x000003b1       0x2d c:/nxp/mcuxpressoide_11.8.0_1165/ide/plugins/com.nxp.mcuxpresso.tools.win32_11.8.0.202306131047/tools/bin/../lib/gcc/arm-none-eabi/12.2.1/../../../../arm-none-eabi/lib/thumb/v7-m/nofp\libcr_c.a(initio.o)
 .ARM.attributes
                0x000003de       0x2d c:/nxp/mcuxpressoide_11.8.0_1165/ide/plugins/com.nxp.mcuxpresso.tools.win32_11.8.0.202306131047/tools/bin/../lib/gcc/arm-none-eabi/12.2.1/../../../../arm-none-eabi/lib/thumb/v7-m/nofp\libcr_c.a(printf.o)
 .ARM.attributes
                0x0000040b       0x2d c:/nxp/mcuxpressoide_11.8.0_1165/ide/plugins/com.nxp.mcuxpresso.tools.win32_11.8.0.202306131047/tools/bin/../lib/gcc/arm-none-eabi/12.2.1/../../../../arm-none-eabi/lib/thumb/v7-m/nofp\libcr_c.a(setvbuf.o)
 .ARM.attributes
                0x00000438       0x2d c:/nxp/mcuxpressoide_11.8.0_1165/ide/plugins/com.nxp.mcuxpresso.tools.win32_11.8.0.202306131047/tools/bin/../lib/gcc/arm-none-eabi/12.2.1/../../../../arm-none-eabi/lib/thumb/v7-m/nofp\libcr_c.a(strlen.o)
 .ARM.attributes
                0x00000465       0x2d c:/nxp/mcuxpressoide_11.8.0_1165/ide/plugins/com.nxp.mcuxpresso.tools.win32_11.8.0.202306131047/tools/bin/../lib/gcc/arm-none-eabi/12.2.1/../../../../arm-none-eabi/lib/thumb/v7-m/nofp\libcr_c.a(time.o)
 .ARM.attributes
                0x00000492       0x2d c:/nxp/mcuxpressoide_11.8.0_1165/ide/plugins/com.nxp.mcuxpresso.tools.win32_11.8.0.202306131047/tools/bin/../lib/gcc/arm-none-eabi/12.2.1/../../../../arm-none-eabi/lib/thumb/v7-m/nofp\libcr_c.a(memset.o)
 .ARM.attributes
                0x000004bf       0x2d c:/nxp/mcuxpressoide_11.8.0_1165/ide/plugins/com.nxp.mcuxpresso.tools.win32_11.8.0.202306131047/tools/bin/../lib/gcc/arm-none-eabi/12.2.1/../../../../arm-none-eabi/lib/thumb/v7-m/nofp\libcr_c.a(_deferredlazyseek.o)
 .ARM.attributes
                0x000004ec       0x2d c:/nxp/mcuxpressoide_11.8.0_1165/ide/plugins/com.nxp.mcuxpresso.tools.win32_11.8.0.202306131047/tools/bin/../lib/gcc/arm-none-eabi/12.2.1/../../../../arm-none-eabi/lib/thumb/v7-m/nofp\libcr_c.a(_fdopen.o)
 .ARM.attributes
                0x00000519       0x2d c:/nxp/mcuxpressoide_11.8.0_1165/ide/plugins/com.nxp.mcuxpresso.tools.win32_11.8.0.202306131047/tools/bin/../lib/gcc/arm-none-eabi/12.2.1/../../../../arm-none-eabi/lib/thumb/v7-m/nofp\libcr_c.a(_fflush.o)
 .ARM.attributes
                0x00000546       0x2d c:/nxp/mcuxpressoide_11.8.0_1165/ide/plugins/com.nxp.mcuxpresso.tools.win32_11.8.0.202306131047/tools/bin/../lib/gcc/arm-none-eabi/12.2.1/../../../../arm-none-eabi/lib/thumb/v7-m/nofp\libcr_c.a(_frexpl.o)
 .ARM.attributes
                0x00000573       0x2d c:/nxp/mcuxpressoide_11.8.0_1165/ide/plugins/com.nxp.mcuxpresso.tools.win32_11.8.0.202306131047/tools/bin/../lib/gcc/arm-none-eabi/12.2.1/../../../../arm-none-eabi/lib/thumb/v7-m/nofp\libcr_c.a(_ldexpl.o)
 .ARM.attributes
                0x000005a0       0x2d c:/nxp/mcuxpressoide_11.8.0_1165/ide/plugins/com.nxp.mcuxpresso.tools.win32_11.8.0.202306131047/tools/bin/../lib/gcc/arm-none-eabi/12.2.1/../../../../arm-none-eabi/lib/thumb/v7-m/nofp\libcr_c.a(_writebuf.o)
 .ARM.attributes
                0x000005cd       0x2d c:/nxp/mcuxpressoide_11.8.0_1165/ide/plugins/com.nxp.mcuxpresso.tools.win32_11.8.0.202306131047/tools/bin/../lib/gcc/arm-none-eabi/12.2.1/../../../../arm-none-eabi/lib/thumb/v7-m/nofp\libcr_c.a(alloc.o)
 .ARM.attributes
                0x000005fa       0x2d c:/nxp/mcuxpressoide_11.8.0_1165/ide/plugins/com.nxp.mcuxpresso.tools.win32_11.8.0.202306131047/tools/bin/../lib/gcc/arm-none-eabi/12.2.1/../../../../arm-none-eabi/lib/thumb/v7-m/nofp\libcr_c.a(errno.o)
 .ARM.attributes
                0x00000627       0x2d c:/nxp/mcuxpressoide_11.8.0_1165/ide/plugins/com.nxp.mcuxpresso.tools.win32_11.8.0.202306131047/tools/bin/../lib/gcc/arm-none-eabi/12.2.1/../../../../arm-none-eabi/lib/thumb/v7-m/nofp\libcr_c.a(fclose.o)
 .ARM.attributes
                0x00000654       0x2d c:/nxp/mcuxpressoide_11.8.0_1165/ide/plugins/com.nxp.mcuxpresso.tools.win32_11.8.0.202306131047/tools/bin/../lib/gcc/arm-none-eabi/12.2.1/../../../../arm-none-eabi/lib/thumb/v7-m/nofp\libcr_c.a(fflush.o)
 .ARM.attributes
                0x00000681       0x2d c:/nxp/mcuxpressoide_11.8.0_1165/ide/plugins/com.nxp.mcuxpresso.tools.win32_11.8.0.202306131047/tools/bin/../lib/gcc/arm-none-eabi/12.2.1/../../../../arm-none-eabi/lib/thumb/v7-m/nofp\libcr_c.a(fseek.o)
 .ARM.attributes
                0x000006ae       0x2d c:/nxp/mcuxpressoide_11.8.0_1165/ide/plugins/com.nxp.mcuxpresso.tools.win32_11.8.0.202306131047/tools/bin/../lib/gcc/arm-none-eabi/12.2.1/../../../../arm-none-eabi/lib/thumb/v7-m/nofp\libcr_c.a(ftell.o)
 .ARM.attributes
                0x000006db       0x2d c:/nxp/mcuxpressoide_11.8.0_1165/ide/plugins/com.nxp.mcuxpresso.tools.win32_11.8.0.202306131047/tools/bin/../lib/gcc/arm-none-eabi/12.2.1/../../../../arm-none-eabi/lib/thumb/v7-m/nofp\libcr_c.a(remove.o)
 .ARM.attributes
                0x00000708       0x2d c:/nxp/mcuxpressoide_11.8.0_1165/ide/plugins/com.nxp.mcuxpresso.tools.win32_11.8.0.202306131047/tools/bin/../lib/gcc/arm-none-eabi/12.2.1/../../../../arm-none-eabi/lib/thumb/v7-m/nofp\libcr_c.a(__init_alloc.o)
 .ARM.attributes
                0x00000735       0x2d c:/nxp/mcuxpressoide_11.8.0_1165/ide/plugins/com.nxp.mcuxpresso.tools.win32_11.8.0.202306131047/tools/bin/../lib/gcc/arm-none-eabi/12.2.1/../../../../arm-none-eabi/lib/thumb/v7-m/nofp\libcr_c.a(_cr_sbrk.o)
 .ARM.attributes
                0x00000762       0x2d c:/nxp/mcuxpressoide_11.8.0_1165/ide/plugins/com.nxp.mcuxpresso.tools.win32_11.8.0.202306131047/tools/bin/../lib/gcc/arm-none-eabi/12.2.1/../../../../arm-none-eabi/lib/thumb/v7-m/nofp\libcr_c.a(_do_fflush.o)
 .ARM.attributes
                0x0000078f       0x2d c:/nxp/mcuxpressoide_11.8.0_1165/ide/plugins/com.nxp.mcuxpresso.tools.win32_11.8.0.202306131047/tools/bin/../lib/gcc/arm-none-eabi/12.2.1/../../../../arm-none-eabi/lib/thumb/v7-m/nofp\libcr_c.a(_cr_check_heap.o)
 .ARM.attributes
                0x000007bc       0x1b c:/nxp/mcuxpressoide_11.8.0_1165/ide/plugins/com.nxp.mcuxpresso.tools.win32_11.8.0.202306131047/tools/bin/../lib/gcc/arm-none-eabi/12.2.1/thumb/v7-m/nofp\libcr_eabihelpers.a(division_64.o)
 .ARM.attributes
                0x000007d7       0x1b c:/nxp/mcuxpressoide_11.8.0_1165/ide/plugins/com.nxp.mcuxpresso.tools.win32_11.8.0.202306131047/tools/bin/../lib/gcc/arm-none-eabi/12.2.1/thumb/v7-m/nofp\libcr_eabihelpers.a(division_idiv0.o)
 .ARM.attributes
                0x000007f2       0x2d c:/nxp/mcuxpressoide_11.8.0_1165/ide/plugins/com.nxp.mcuxpresso.tools.win32_11.8.0.202306131047/tools/bin/../lib/gcc/arm-none-eabi/12.2.1/thumb/v7-m/nofp\libcr_eabihelpers.a(double.o)
 .ARM.attributes
                0x0000081f       0x1b c:/nxp/mcuxpressoide_11.8.0_1165/ide/plugins/com.nxp.mcuxpresso.tools.win32_11.8.0.202306131047/tools/bin/../lib/gcc/arm-none-eabi/12.2.1/thumb/v7-m/nofp\libcr_eabihelpers.a(memcpy.o)
 .ARM.attributes
                0x0000083a       0x2d c:/nxp/mcuxpressoide_11.8.0_1165/ide/plugins/com.nxp.mcuxpresso.tools.win32_11.8.0.202306131047/tools/bin/../lib/gcc/arm-none-eabi/12.2.1/../../../../arm-none-eabi/lib/thumb/v7-m/nofp\libcr_semihost.a(__ciob.o)
 .ARM.attributes
                0x00000867       0x1b c:/nxp/mcuxpressoide_11.8.0_1165/ide/plugins/com.nxp.mcuxpresso.tools.win32_11.8.0.202306131047/tools/bin/../lib/gcc/arm-none-eabi/12.2.1/../../../../arm-none-eabi/lib/thumb/v7-m/nofp\libcr_semihost.a(__sys_appexit.o)
 .ARM.attributes
                0x00000882       0x1b c:/nxp/mcuxpressoide_11.8.0_1165/ide/plugins/com.nxp.mcuxpresso.tools.win32_11.8.0.202306131047/tools/bin/../lib/gcc/arm-none-eabi/12.2.1/../../../../arm-none-eabi/lib/thumb/v7-m/nofp\libcr_semihost.a(__sys_close.o)
 .ARM.attributes
                0x0000089d       0x1b c:/nxp/mcuxpressoide_11.8.0_1165/ide/plugins/com.nxp.mcuxpresso.tools.win32_11.8.0.202306131047/tools/bin/../lib/gcc/arm-none-eabi/12.2.1/../../../../arm-none-eabi/lib/thumb/v7-m/nofp\libcr_semihost.a(__sys_flen.o)
 .ARM.attributes
                0x000008b8       0x1b c:/nxp/mcuxpressoide_11.8.0_1165/ide/plugins/com.nxp.mcuxpresso.tools.win32_11.8.0.202306131047/tools/bin/../lib/gcc/arm-none-eabi/12.2.1/../../../../arm-none-eabi/lib/thumb/v7-m/nofp\libcr_semihost.a(__sys_istty.o)
 .ARM.attributes
                0x000008d3       0x1b c:/nxp/mcuxpressoide_11.8.0_1165/ide/plugins/com.nxp.mcuxpresso.tools.win32_11.8.0.202306131047/tools/bin/../lib/gcc/arm-none-eabi/12.2.1/../../../../arm-none-eabi/lib/thumb/v7-m/nofp\libcr_semihost.a(__sys_remove.o)
 .ARM.attributes
                0x000008ee       0x1b c:/nxp/mcuxpressoide_11.8.0_1165/ide/plugins/com.nxp.mcuxpresso.tools.win32_11.8.0.202306131047/tools/bin/../lib/gcc/arm-none-eabi/12.2.1/../../../../arm-none-eabi/lib/thumb/v7-m/nofp\libcr_semihost.a(__sys_seek.o)
 .ARM.attributes
                0x00000909       0x1b c:/nxp/mcuxpressoide_11.8.0_1165/ide/plugins/com.nxp.mcuxpresso.tools.win32_11.8.0.202306131047/tools/bin/../lib/gcc/arm-none-eabi/12.2.1/../../../../arm-none-eabi/lib/thumb/v7-m/nofp\libcr_semihost.a(__sys_tmpnam.o)
 .ARM.attributes
                0x00000924       0x1b c:/nxp/mcuxpressoide_11.8.0_1165/ide/plugins/com.nxp.mcuxpresso.tools.win32_11.8.0.202306131047/tools/bin/../lib/gcc/arm-none-eabi/12.2.1/../../../../arm-none-eabi/lib/thumb/v7-m/nofp\libcr_semihost.a(__sys_write.o)

.debug_frame    0x00000000      0xe6c
 .debug_frame   0x00000000      0x170 ./src/cr_startup_lpc175x_6x.o
 .debug_frame   0x00000170      0x14c ./src/lists.o
 .debug_frame   0x000002bc       0x2c ./src/main.o
 .debug_frame   0x000002e8      0x188 ./src/project.o
 .debug_frame   0x00000470       0xb4 C:\Daniel\Faculdade\Ano_3\Semestre_5\SE\sw\DRIVERS\Debug\libDRIVERS.a(delay.o)
 .debug_frame   0x00000524       0xc4 C:\Daniel\Faculdade\Ano_3\Semestre_5\SE\sw\DRIVERS\Debug\libDRIVERS.a(encoder.o)
 .debug_frame   0x000005e8      0x1c8 C:\Daniel\Faculdade\Ano_3\Semestre_5\SE\sw\DRIVERS\Debug\libDRIVERS.a(lcd.o)
 .debug_frame   0x000007b0       0xa4 C:\Daniel\Faculdade\Ano_3\Semestre_5\SE\sw\DRIVERS\Debug\libDRIVERS.a(led.o)
 .debug_frame   0x00000854       0xbc C:\Daniel\Faculdade\Ano_3\Semestre_5\SE\sw\DRIVERS\Debug\libDRIVERS.a(mfrc522_func.o)
 .debug_frame   0x00000910       0xec C:\Daniel\Faculdade\Ano_3\Semestre_5\SE\sw\DRIVERS\Debug\libDRIVERS.a(rtc.o)
 .debug_frame   0x000009fc      0x124 C:\Daniel\Faculdade\Ano_3\Semestre_5\SE\sw\HAL\Debug\libHAL.a(pin.o)
 .debug_frame   0x00000b20       0xfc C:\Daniel\Faculdade\Ano_3\Semestre_5\SE\sw\HAL\Debug\libHAL.a(rit.o)
 .debug_frame   0x00000c1c       0x80 C:\Daniel\Faculdade\Ano_3\Semestre_5\SE\sw\HAL\Debug\libHAL.a(rtc_hal.o)
 .debug_frame   0x00000c9c       0x80 C:\Daniel\Faculdade\Ano_3\Semestre_5\SE\sw\HAL\Debug\libHAL.a(spi.o)
 .debug_frame   0x00000d1c       0xc0 C:\Daniel\Faculdade\Ano_3\Semestre_5\SE\sw\HAL\Debug\libHAL.a(systick.o)
 .debug_frame   0x00000ddc       0x58 C:\Daniel\Faculdade\Ano_3\Semestre_5\SE\sw\HAL\Debug\libHAL.a(timer.o)
 .debug_frame   0x00000e34       0x38 C:\Daniel\Faculdade\Ano_3\Semestre_5\SE\sw\CMSIS_CORE_LPC17xx\Debug\libCMSIS_CORE_LPC17xx.a(system_LPC17xx.o)

Cross Reference Table

Symbol                                            File
ADC_IRQHandler                                    ./src/cr_startup_lpc175x_6x.o
BOD_IRQHandler                                    ./src/cr_startup_lpc175x_6x.o
BusFault_Handler                                  ./src/cr_startup_lpc175x_6x.o
CANActivity_IRQHandler                            ./src/cr_startup_lpc175x_6x.o
CAN_IRQHandler                                    ./src/cr_startup_lpc175x_6x.o
CRP_WORD                                          ./src/crp.o
DELAY_GetElapsedMillis                            C:\Daniel\Faculdade\Ano_3\Semestre_5\SE\sw\DRIVERS\Debug\libDRIVERS.a(delay.o)
                                                  C:\Daniel\Faculdade\Ano_3\Semestre_5\SE\sw\DRIVERS\Debug\libDRIVERS.a(encoder.o)
                                                  ./src/project.o
DELAY_Init                                        C:\Daniel\Faculdade\Ano_3\Semestre_5\SE\sw\DRIVERS\Debug\libDRIVERS.a(delay.o)